 EA.DependencyGenerator

 Timestamp is 5a25c2c5 (Mon Dec  4 13:48:53 2017)

 Preferred load address is 10000000

 Start         Length     Name                   Class
 0001:00000000 00000008H .text                   CODE
 0001:00000008 000056f6H .text$mn                CODE
 0002:00000000 00000010H .idata$5                DATA
 0002:00000010 0000409cH .rdata                  DATA
 0002:000040ac 00000000H .edata                  DATA
 0002:000040ac 00000148H .rdata$zzzdbg           DATA
 0002:000041f4 00000014H .idata$2                DATA
 0002:00004208 00000014H .idata$3                DATA
 0002:0000421c 00000008H .idata$4                DATA
 0002:00004224 0000001aH .idata$6                DATA
 0003:00000000 00000060H .rsrc$01                DATA
 0003:00000060 00000180H .rsrc$02                DATA

  Address         Publics by Value              Rva+Base       Lib:Object

 0000:00000000       __guard_flags              00000000     <absolute>
 0000:00000000       __guard_longjmp_count      00000000     <absolute>
 0000:00000000       __guard_longjmp_table      00000000     <absolute>
 0000:00000000       __hybrid_code_map_count    00000000     <absolute>
 0000:00000000       ___safe_se_handler_count   00000000     <absolute>
 0000:00000000       __hybrid_code_map          00000000     <absolute>
 0000:00000000       __enclave_config           00000000     <absolute>
 0000:00000000       __guard_fids_count         00000000     <absolute>
 0000:00000000       __guard_iat_count          00000000     <absolute>
 0000:00000000       __guard_iat_table          00000000     <absolute>
 0000:00000000       __dynamic_value_reloc_table 00000000     <absolute>
 0000:00000000       __hybrid_auxiliary_iat     00000000     <absolute>
 0000:00000000       __guard_fids_table         00000000     <absolute>
 0000:00000000       ___safe_se_handler_table   00000000     <absolute>
 0001:00000008       ??0CrcTable@@$$FQE$AAM@XZ  10001008 f i bCrc32.obj
 0001:0000001c       ?.cctor@CrcTable@@$$FCMXXZ 1000101c f   bCrc32.obj
 0001:00000eac       ?bCalculateCrc32@@$$FYMIPE$AAVString@System@@@Z 10001eac f   bCrc32.obj
 0001:00000f34       ?FileTime@@$$FYMJPE$AAVString@System@@@Z 10001f34 f   bWareHooks.obj
 0001:00000f78       ??0ccMinNode@@$$FQE$AAM@XZ 10001f78 f i Cclist.obj
 0001:00000f8c       ?GetNext@ccMinNode@@$$FQE$AAMPE$AAV1@XZ 10001f8c f i Cclist.obj
 0001:00000fa4       ?GetPrev@ccMinNode@@$$FQE$AAMPE$AAV1@XZ 10001fa4 f i Cclist.obj
 0001:00000fbc       ??0ccNode@@$$FQE$AAM@XZ    10001fbc f i Cclist.obj
 0001:00000fd0       ?GetName@ccNode@@$$FQE$AAMPE$AAVString@System@@XZ 10001fd0 f i Cclist.obj
 0001:00000fe8       ?GetHash@ccNode@@$$FQE$AAMKXZ 10001fe8 f i Cclist.obj
 0001:00001000       ?GetNext@ccNode@@$$FQE$AAMPE$AAV1@XZ 10002000 f i Cclist.obj
 0001:0000101c       ?GetPrev@ccNode@@$$FQE$AAMPE$AAV1@XZ 1000201c f i Cclist.obj
 0001:00001038       ?Purge@ccMinList@@$$FQE$AAMXXZ 10002038 f i Cclist.obj
 0001:00001054       ??0ccMinList@@$$FQE$AAM@XZ 10002054 f i Cclist.obj
 0001:0000107c       ??1ccMinList@@$$FAE$AAM@XZ 1000207c f i Cclist.obj
 0001:00001090       ?GetHead@ccMinList@@$$FQE$AAMPE$AAVccMinNode@@XZ 10002090 f i Cclist.obj
 0001:000010a8       ?GetTail@ccMinList@@$$FQE$AAMPE$AAVccMinNode@@XZ 100020a8 f i Cclist.obj
 0001:000010c0       ?IsListEmpty@ccMinList@@$$FQE$AAM_NXZ 100020c0 f i Cclist.obj
 0001:000010e0       ?GetNumElements@ccMinList@@$$FQE$AAMKXZ 100020e0 f i Cclist.obj
 0001:000010f8       ?<Dispose>@ccMinList@@$$FME$AAMX_N@Z 100020f8 f i Cclist.obj
 0001:00001118       ??0ccList@@$$FQE$AAM@XZ    10002118 f i Cclist.obj
 0001:0000112c       ?GetHead@ccList@@$$FQE$AAMPE$AAVccNode@@XZ 1000212c f i Cclist.obj
 0001:00001148       ?GetTail@ccList@@$$FQE$AAMPE$AAVccNode@@XZ 10002148 f i Cclist.obj
 0001:00001164       ??0ccHashNodePtr@@$$FQE$AAM@PE$AAVccHashNode@@@Z 10002164 f i Cclist.obj
 0001:00001180       ?GetNodePtr@ccHashNodePtr@@$$FQE$AAMPE$AAVccHashNode@@XZ 10002180 f i Cclist.obj
 0001:00001198       ?GetNext@ccHashNode@@$$FQE$AAMPE$AAV1@XZ 10002198 f i Cclist.obj
 0001:000011b4       ?GetPrev@ccHashNode@@$$FQE$AAMPE$AAV1@XZ 100021b4 f i Cclist.obj
 0001:000011d0       ?GetTableSize@ccHashList@@$$FQE$AAMJXZ 100021d0 f i Cclist.obj
 0001:000011e8       ?GetNumElements@ccHashList@@$$FQE$AAMKXZ 100021e8 f i Cclist.obj
 0001:00001204       ?GetHead@ccHashList@@$$FQE$AAMPE$AAVccHashNode@@XZ 10002204 f i Cclist.obj
 0001:00001224       ?GetTail@ccHashList@@$$FQE$AAMPE$AAVccHashNode@@XZ 10002224 f i Cclist.obj
 0001:00001244       ?AddNode@ccMinList@@$$FQE$AAMXPE$AAVccMinNode@@0@Z 10002244 f   Cclist.obj
 0001:000012d8       ?IsInList@ccMinList@@$$FAE$AAM_NPE$AAVccMinNode@@@Z 100022d8 f   Cclist.obj
 0001:0000130c       ?ElementNumber@ccMinList@@$$FQE$AAMJPE$AAVccMinNode@@@Z 1000230c f   Cclist.obj
 0001:00001340       ?RemNode@ccMinList@@$$FQE$AAMPE$AAVccMinNode@@PE$AAV2@@Z 10002340 f   Cclist.obj
 0001:000013d4       ?RemHead@ccMinList@@$$FQE$AAMPE$AAVccMinNode@@XZ 100023d4 f   Cclist.obj
 0001:000013f8       ?RemTail@ccMinList@@$$FQE$AAMPE$AAVccMinNode@@XZ 100023f8 f   Cclist.obj
 0001:0000141c       ?FindNode@ccMinList@@$$FQE$AAMPE$AAVccMinNode@@K@Z 1000241c f   Cclist.obj
 0001:00001458       ?Sort@ccMinList@@$$FQE$AAMXPE$AAVCheckFlipFunc@1@@Z 10002458 f   Cclist.obj
 0001:00001518       ?CheckAlpha@?A0x73447215@@$$FYM_NPE$AAVccMinNode@@0@Z 10002518 f   Cclist.obj
 0001:00001560       ?SortAlpha@ccList@@$$FQE$AAMXXZ 10002560 f   Cclist.obj
 0001:00001584       ?CalcHash@@$$FYMKPE$AAVString@System@@@Z 10002584 f   Cclist.obj
 0001:000015a8       ??0ccHashNode@@$$FQE$AAM@XZ 100025a8 f   Cclist.obj
 0001:000015cc       ?SetName@ccHashNode@@$$FQE$AAMXPE$AAVString@System@@@Z 100025cc f   Cclist.obj
 0001:000015f4       ??0ccHashList@@$$FQE$AAM@XZ 100025f4 f   Cclist.obj
 0001:00001620       ?InitHashTable@ccHashList@@$$FCMP$01EAPE$AAVccMinList@@J@Z 10002620 f   Cclist.obj
 0001:00001654       ?Purge@ccHashList@@$$FQE$AAMXXZ 10002654 f   Cclist.obj
 0001:0000168c       ?SetTableSize@ccHashList@@$$FQE$AAMXJ@Z 1000268c f   Cclist.obj
 0001:000016b4       ?RemHashEntry@ccHashList@@$$FAE$AAMXPE$AAVccHashNode@@@Z 100026b4 f   Cclist.obj
 0001:000016f4       ?RemNode@ccHashList@@$$FQE$AAMXPE$AAVccHashNode@@@Z 100026f4 f   Cclist.obj
 0001:00001718       ?Find@ccHashList@@$$FQE$AAMPE$AAVccHashNode@@PE$AAVString@System@@@Z 10002718 f   Cclist.obj
 0001:00001788       ?Append@ccMinList@@$$FQE$AAMXPE$AAV1@@Z 10002788 f   Cclist.obj
 0001:000017b4       ?FindNode@ccList@@$$FQE$AAMPE$AAVccNode@@PE$AAVString@System@@PE$AAV2@@Z 100027b4 f   Cclist.obj
 0001:00001800       ?FindNode@ccList@@$$FQE$AAMPE$AAVccNode@@PE$AAVString@System@@@Z 10002800 f   Cclist.obj
 0001:00001820       ??0ccHashNode@@$$FQE$AAM@PE$AAV0@@Z 10002820 f   Cclist.obj
 0001:00001850       ??0ccHashList@@$$FQE$AAM@J@Z 10002850 f   Cclist.obj
 0001:00001888       ?AddHashEntry@ccHashList@@$$FAE$AAMXPE$AAVccHashNode@@@Z 10002888 f   Cclist.obj
 0001:000018c4       ?AddHead@ccHashList@@$$FQE$AAMXPE$AAVccHashNode@@@Z 100028c4 f   Cclist.obj
 0001:000018e4       ?AddTail@ccHashList@@$$FQE$AAMXPE$AAVccHashNode@@@Z 100028e4 f   Cclist.obj
 0001:00001904       ?AddNode@ccHashList@@$$FQE$AAMXPE$AAVccHashNode@@0@Z 10002904 f   Cclist.obj
 0001:00001928       ?Rename@ccHashList@@$$FQE$AAMXPE$AAVccHashNode@@PE$AAVString@System@@@Z 10002928 f   Cclist.obj
 0001:0000195c       ?SetName@ccNode@@$$FQE$AAMXPE$AAVString@System@@@Z 1000295c f i Cclist.obj
 0001:0000197c       ?AddHead@ccMinList@@$$FQE$AAMXPE$AAVccMinNode@@@Z 1000297c f i Cclist.obj
 0001:00001994       ?AddTail@ccMinList@@$$FQE$AAMXPE$AAVccMinNode@@@Z 10002994 f i Cclist.obj
 0001:000019b0       ?<Dispose>@ccMinList@@$$FUE$AAMXXZ 100029b0 f i Cclist.obj
 0001:000019cc       ?FindNode@ccList@@$$FQE$AAMPE$AAVccNode@@K@Z 100029cc f i Cclist.obj
 0001:000019e8       ?RemHead@ccList@@$$FQE$AAMPE$AAVccNode@@XZ 100029e8 f i Cclist.obj
 0001:00001a04       ?RemTail@ccList@@$$FQE$AAMPE$AAVccNode@@XZ 10002a04 f i Cclist.obj
 0001:00001a20       ?RemNode@ccList@@$$FQE$AAMPE$AAVccNode@@PE$AAVccMinNode@@@Z 10002a20 f i Cclist.obj
 0001:00001a3c       ??0JDefine@@$$FQE$AAM@XZ   10002a3c f i DependencyGenerator.obj
 0001:00001a70       ?GetNext@JDefine@@$$FQE$AAMPE$AAV1@XZ 10002a70 f i DependencyGenerator.obj
 0001:00001a8c       ?GetPrev@JDefine@@$$FQE$AAMPE$AAV1@XZ 10002a8c f i DependencyGenerator.obj
 0001:00001aa8       ?GetHead@JDefineList@@$$FQE$AAMPE$AAVJDefine@@XZ 10002aa8 f i DependencyGenerator.obj
 0001:00001ae0       ??0JPrefilteredFile@@$$FQE$AAM@XZ 10002ae0 f i DependencyGenerator.obj
 0001:00001b00       ?GetNumTokens@JPrefilteredFile@@$$FQE$AAMHXZ 10002b00 f i DependencyGenerator.obj
 0001:00001b1c       ??0ConditionStack@@$$FQE$AAM@XZ 10002b1c f i DependencyGenerator.obj
 0001:00001b54       ?Pop@ConditionStack@@$$FQE$AAMXXZ 10002b54 f i DependencyGenerator.obj
 0001:00001b78       ?SetConditionTrue@ConditionStack@@$$FQE$AAMXXZ 10002b78 f i DependencyGenerator.obj
 0001:00001b98       ?SetConditionFinished@ConditionStack@@$$FQE$AAMXXZ 10002b98 f i DependencyGenerator.obj
 0001:00001bb8       ?GetState@ConditionStack@@$$FQE$AAMHXZ 10002bb8 f i DependencyGenerator.obj
 0001:00001bd4       ?InCondition@ConditionStack@@$$FQE$AAM_NXZ 10002bd4 f i DependencyGenerator.obj
 0001:00001bf0       ??0JDepFile@@$$FQE$AAM@XZ  10002bf0 f i DependencyGenerator.obj
 0001:00001c48       ??0JDepFile@@$$FQE$AAM@PE$AAV0@@Z 10002c48 f i DependencyGenerator.obj
 0001:00001ca8       ?GetFirstInclude@JDepFile@@$$FQE$AAMPE$AAV1@XZ 10002ca8 f i DependencyGenerator.obj
 0001:00001cc8       ?FindDefine@JDepFile@@$$FQE$AAMPE$AAVJDefine@@PE$AAVString@System@@@Z 10002cc8 f i DependencyGenerator.obj
 0001:00001ce8       ?GetNext@JDepFile@@$$FQE$AAMPE$AAV1@XZ 10002ce8 f i DependencyGenerator.obj
 0001:00001d04       ??0CachedTokenHeader@@$$FAE$AAM@XZ 10002d04 f i DependencyGenerator.obj
 0001:00001d28       ??0JSearchNode@@$$FQE$AAM@XZ 10002d28 f i DependencyGenerator.obj
 0001:00001d3c       ?AlphabetSortFunction@JSearchNode@@$$FSM_NPE$AAVccMinNode@@0@Z 10002d3c f i DependencyGenerator.obj
 0001:00001d70       ?GetFirstFile@JDep@@$$FQE$AAMPE$AAVJDepFile@@XZ 10002d70 f i DependencyGenerator.obj
 0001:00001d90       ?GetFirstDefine@JDep@@$$FQE$AAMPE$AAVJDefine@@XZ 10002d90 f i DependencyGenerator.obj
 0001:00001dac       ?WasError@JDep@@$$FQE$AAM_NXZ 10002dac f i DependencyGenerator.obj
 0001:00001dc4       ?IsDefined@JDep@@$$FAE$AAM_NPE$AAVString@System@@PE$AAVJDepFile@@@Z 10002dc4 f i DependencyGenerator.obj
 0001:00001de0       ?.cctor@@$$FYMXXZ          10002de0 f   DependencyGenerator.obj
 0001:00001df0       ??0DependencyGenerator@0EA@@$$FQE$AAM@XZ 10002df0 f i DependencyGenerator.obj
 0001:00001e4c       ??1DependencyGenerator@0EA@@$$FAE$AAM@XZ 10002e4c f i DependencyGenerator.obj
 0001:00001e5c       ?Reset@DependencyGenerator@1EA@@$$FUE$AAMXXZ 10002e5c f i DependencyGenerator.obj
 0001:00001e74       ?AddIncludePath@DependencyGenerator@1EA@@$$FUE$AAMXPE$AAVString@System@@_N@Z 10002e74 f i DependencyGenerator.obj
 0001:00001e90       ?AddUsingPath@DependencyGenerator@1EA@@$$FUE$AAMXPE$AAVString@System@@@Z 10002e90 f i DependencyGenerator.obj
 0001:00001eac       ?AddDefine@DependencyGenerator@1EA@@$$FUE$AAMXPE$AAVString@System@@@Z 10002eac f i DependencyGenerator.obj
 0001:00001ec8       ?AddFileIncludes@DependencyGenerator@1EA@@$$FAE$AAMXPE$AAVJDepFile@@PE$AAVStringCollection@Specialized@Collections@System@@@Z 10002ec8 f i DependencyGenerator.obj
 0001:00001f08       ?get@SkipDuplicates@DependencyGenerator@2EA@@$$FUE$AAM_NXZ 10002f08 f i DependencyGenerator.obj
 0001:00001f24       ?set@SkipDuplicates@DependencyGenerator@2EA@@$$FUE$AAMX_N@Z 10002f24 f i DependencyGenerator.obj
 0001:00001f40       ?get@ShowDuplicates@DependencyGenerator@2EA@@$$FUE$AAM_NXZ 10002f40 f i DependencyGenerator.obj
 0001:00001f5c       ?set@ShowDuplicates@DependencyGenerator@2EA@@$$FUE$AAMX_N@Z 10002f5c f i DependencyGenerator.obj
 0001:00001f78       ?get@IgnoreMissingIncludes@DependencyGenerator@2EA@@$$FUE$AAM_NXZ 10002f78 f i DependencyGenerator.obj
 0001:00001f94       ?set@IgnoreMissingIncludes@DependencyGenerator@2EA@@$$FUE$AAMX_N@Z 10002f94 f i DependencyGenerator.obj
 0001:00001fb0       ?get@SuppressWarnings@DependencyGenerator@2EA@@$$FUE$AAM_NXZ 10002fb0 f i DependencyGenerator.obj
 0001:00001fcc       ?set@SuppressWarnings@DependencyGenerator@2EA@@$$FUE$AAMX_N@Z 10002fcc f i DependencyGenerator.obj
 0001:00001fe8       ?<Dispose>@DependencyGenerator@1EA@@$$FME$AAMX_N@Z 10002fe8 f i DependencyGenerator.obj
 0001:0000202c       ?AddIncludePath@DependencyGenerator@1EA@@$$FUE$AAMXPE$AAVString@System@@@Z 1000302c f i DependencyGenerator.obj
 0001:00002044       ?ParseFile@DependencyGenerator@1EA@@$$FUE$AAMPE$AAVStringCollection@Specialized@Collections@System@@PE$AAVString@6@@Z 10003044 f i DependencyGenerator.obj
 0001:00002090       ?<Dispose>@DependencyGenerator@1EA@@$$FUE$AAMXXZ 10003090 f i DependencyGenerator.obj
 0001:000020ac       ?Push@ConditionStack@@$$FQE$AAMXH@Z 100030ac f   JCondition.obj
 0001:000020ec       ?AddToken@JDefine@@$$FQE$AAMXPE$AAVString@System@@@Z 100030ec f   JDefine.obj
 0001:00002114       ??0JDefineList@@$$FQE$AAM@XZ 10003114 f   JDefine.obj
 0001:00002160       ??0JDefineList@@$$FQE$AAM@H@Z 10003160 f   JDefine.obj
 0001:000021ac       ?Purge@JDefineList@@$$FQE$AAMXXZ 100031ac f   JDefine.obj
 0001:000021dc       ?Add@JDefineList@@$$FQE$AAMXPE$AAVJDefine@@@Z 100031dc f   JDefine.obj
 0001:00002208       ?Find@JDefineList@@$$FQE$AAMPE$AAVJDefine@@PE$AAVString@System@@@Z 10003208 f   JDefine.obj
 0001:00002264       ?Remove@JDefineList@@$$FQE$AAMPE$AAVJDefine@@PE$AAV2@@Z 10003264 f   JDefine.obj
 0001:00002294       ??0OpInfoEntry@@$$FQE$AAM@HW4JOpType@@PE$AAVString@System@@@Z 10003294 f i JDep.obj
 0001:000022bc       ??0JExprNode@@$$FQE$AAM@XZ 100032bc f i JDep.obj
 0001:000022d0       ??0JExpressionStack@@$$FQE$AAM@XZ 100032d0 f i JDep.obj
 0001:000022f8       ?SetOwner@JExpressionStack@@$$FQE$AAMXPE$AAVJExpression@@@Z 100032f8 f i JDep.obj
 0001:0000230c       ?GetValue@JExpressionStack@@$$FQE$AAMHXZ 1000330c f i JDep.obj
 0001:00002324       ?GetOpType@JExpressionStack@@$$FQE$AAM?AW4JOpType@@XZ 10003324 f i JDep.obj
 0001:0000233c       ?IsEmpty@JExpressionStack@@$$FQE$AAM_NXZ 1000333c f i JDep.obj
 0001:0000235c       ?Count@JExpressionStack@@$$FQE$AAMHXZ 1000335c f i JDep.obj
 0001:00002378       ?Error@JExpression@@$$FQE$AAM_NXZ 10003378 f i JDep.obj
 0001:00002390       ?<Dispose>@JExpression@@$$FME$AAMX_N@Z 10003390 f i JDep.obj
 0001:000023b0       ??0JDep@@$$FQE$AAM@XZ      100033b0 f   JDep.obj
 0001:0000245c       ?Reset@JDep@@$$FQE$AAMXXZ  1000345c f   JDep.obj
 0001:000024a8       ?AddIncludePath@JDep@@$$FQE$AAMXPE$AAVString@System@@_N@Z 100034a8 f   JDep.obj
 0001:000024e0       ?AddUsingPath@JDep@@$$FQE$AAMXPE$AAVString@System@@@Z 100034e0 f   JDep.obj
 0001:00002508       ?AddDefine@JDep@@$$FQE$AAMXPE$AAVString@System@@@Z 10003508 f   JDep.obj
 0001:000025bc       ?SkipWhiteSpace@?A0xfb14c5b8@@$$FYMJPE$AAVString@System@@J@Z 100035bc f   JDep.obj
 0001:000025f0       ?ParseImport@JDep@@$$FAE$AAMXPE$AAVJDepFile@@@Z 100035f0 f   JDep.obj
 0001:00002600       ?IsRelativePath@?A0xfb14c5b8@@$$FYM_NPE$AAVString@System@@@Z 10003600 f   JDep.obj
 0001:0000261c       ?FileExists@?A0xfb14c5b8@@$$FYM_NPE$AAVString@System@@@Z 1000361c f   JDep.obj
 0001:00002634       ?ParseDefine@JDep@@$$FAE$AAMXPE$AAVJDepFile@@@Z 10003634 f   JDep.obj
 0001:000026fc       ?ParseUndef@JDep@@$$FAE$AAMXPE$AAVJDepFile@@@Z 100036fc f   JDep.obj
 0001:00002750       ?ParseElse@JDep@@$$FAE$AAMXPE$AAVJDepFile@@@Z 10003750 f   JDep.obj
 0001:00002794       ?MakeIncludePathFromFile@JDep@@$$FAE$AAMXPE$AAVString@System@@0AE$CAPE$AAV23@@Z 10003794 f   JDep.obj
 0001:000027f4       ?MakeIncludePathFromPath@JDep@@$$FAE$AAMXPE$AAVString@System@@0AE$CAPE$AAV23@@Z 100037f4 f   JDep.obj
 0001:0000282c       ?OutputWarning@JDep@@$$FQE$AAMXPE$AAVString@System@@@Z 1000382c f   JDep.obj
 0001:00002844       ?OutputWarning@JDep@@$$FQE$AAMXPE$AAVString@System@@0@Z 10003844 f   JDep.obj
 0001:00002860       ?OutputWarning@JDep@@$$FQE$AAMXPE$AAVString@System@@00@Z 10003860 f   JDep.obj
 0001:0000287c       ?ExtractFileName@JDep@@$$FAE$AAM_NPE$AAVJDepFile@@AE$CA_N1AE$CAPE$AAVString@System@@@Z 1000387c f   JDep.obj
 0001:00002a08       ?EvaluateIncludeFileName@JDep@@$$FAE$AAMPE$AAVJPrefilteredFile@@PE$AAVJDepFile@@PE$AAVString@System@@_N2AE$CAPE$AAV45@@Z 10003a08 f   JDep.obj
 0001:00002b04       ?EvaluateUsingFileName@JDep@@$$FAE$AAM_NPE$AAVJDepFile@@PE$AAVString@System@@_N2AE$CAPE$AAV34@@Z 10003b04 f   JDep.obj
 0001:00002b88       ?ParseIfdef@JDep@@$$FAE$AAMXPE$AAVJDepFile@@@Z 10003b88 f   JDep.obj
 0001:00002c78       ?ParseIfndef@JDep@@$$FAE$AAMXPE$AAVJDepFile@@@Z 10003c78 f   JDep.obj
 0001:00002d68       ?EvaluateExpression@JDep@@$$FAE$AAMHPE$AAVccNode@@PE$AAVJDepFile@@@Z 10003d68 f   JDep.obj
 0001:00002dd4       ?ParseDotNetAssemblyFile@JDep@@$$FQE$AAMPE$AAVJDepFile@@PE$AAVString@System@@PE$AAV2@_N@Z 10003dd4 f   JDep.obj
 0001:00002fd4       ?ParseUsing@JDep@@$$FAE$AAMXPE$AAVJDepFile@@@Z 10003fd4 f   JDep.obj
 0001:00003148       ?ParseInclude@JDep@@$$FAE$AAMXPE$AAVJDepFile@@@Z 10004148 f   JDep.obj
 0001:000032b4       ?ParseIf@JDep@@$$FAE$AAMXPE$AAVJDepFile@@@Z 100042b4 f   JDep.obj
 0001:0000335c       ?ParseElif@JDep@@$$FAE$AAMXPE$AAVJDepFile@@@Z 1000435c f   JDep.obj
 0001:000033d4       ?ProcessToken@JDep@@$$FAE$AAMXPE$AAVccNode@@PE$AAVJDepFile@@@Z 100043d4 f   JDep.obj
 0001:00003650       ?ParseCPPFile@JDep@@$$FQE$AAMPE$AAVJDepFile@@PE$AAVString@System@@PE$AAV2@_NPE$AAVJPrefilteredFile@@@Z 10004650 f   JDep.obj
 0001:0000389c       ?<Dispose>@JExpression@@$$FUE$AAMXXZ 1000489c f i JDep.obj
 0001:000038b8       ?EvaluateDefine@JDepFile@@$$FQE$AAMHPE$AAVJDefine@@@Z 100048b8 f   JDepFile.obj
 0001:00003940       ??0JExpression@@$$FQE$AAM@XZ 10004940 f   JExpression.obj
 0001:00003984       ?AtoX@@$$FYMHPE$AAVString@System@@@Z 10004984 f   JExpression.obj
 0001:000039fc       ?AtoI@@$$FYMHPE$AAVString@System@@@Z 100049fc f   JExpression.obj
 0001:00003a1c       ?HasCircularDependency@JExpression@@$$FAE$AAM_NPE$AAVString@System@@PE$AAVJDefine@@PE$AAVJDepFile@@@Z 10004a1c f   JExpression.obj
 0001:00003ac4       ?GetOpType@JExpression@@$$FAE$AAM?AW4JOpType@@PE$AAVString@System@@@Z 10004ac4 f   JExpression.obj
 0001:00003b10       ?Push@JExpressionStack@@$$FQE$AAMXHW4JOpType@@@Z 10004b10 f   JExpression.obj
 0001:00003b68       ?Queue@JExpressionStack@@$$FQE$AAMXHW4JOpType@@@Z 10004b68 f   JExpression.obj
 0001:00003b98       ?Pop@JExpressionStack@@$$FQE$AAMXXZ 10004b98 f   JExpression.obj
 0001:00003bf0       ?PopNode@JExpressionStack@@$$FQE$AAMPE$AAVJExprNode@@XZ 10004bf0 f   JExpression.obj
 0001:00003c50       ?PushNode@JExpressionStack@@$$FQE$AAMXPE$AAVJExprNode@@@Z 10004c50 f   JExpression.obj
 0001:00003c84       ?QueueNode@JExpressionStack@@$$FQE$AAMXPE$AAVJExprNode@@@Z 10004c84 f   JExpression.obj
 0001:00003ca0       ?.cctor@JExpression@@$$FCMXXZ 10004ca0 f   JExpression.obj
 0001:00003ef8       ??1JExpression@@$$FAE$AAM@XZ 10004ef8 f   JExpression.obj
 0001:00003f24       ?InfixToPostfix@JExpression@@$$FAE$AAMXPE$AAVccNode@@PE$AAVJDepFile@@@Z 10004f24 f   JExpression.obj
 0001:000041f0       ?Evaluate@JExpression@@$$FQE$AAMHPE$AAVccNode@@PE$AAVJDepFile@@@Z 100051f0 f   JExpression.obj
 0001:00004434       ??0JFileFilter@@$$FQE$AAM@XZ 10005434 f   JFileFilter.obj
 0001:00004478       ?Open@JFileFilter@@$$FQE$AAM_NPE$AAVString@System@@@Z 10005478 f   JFileFilter.obj
 0001:000044bc       ?Open@JFileFilter@@$$FQE$AAM_NPE$AAVString@System@@J@Z 100054bc f   JFileFilter.obj
 0001:000044e4       ?IsEOL@@$$FYM_NH@Z         100054e4 f   JFileFilter.obj
 0001:00004504       ?GrowCurrentLine@JFileFilter@@$$FAE$AAMXXZ 10005504 f   JFileFilter.obj
 0001:0000454c       ?SkipToEOL@JFileFilter@@$$FAE$AAMXXZ 1000554c f   JFileFilter.obj
 0001:000045b0       ?ClassifyChar@?A0x004d3d8e@@$$FYMDD@Z 100055b0 f   JFileFilter.obj
 0001:00004770       ?ReadFilteredChar@JFileFilter@@$$FAE$AAMDXZ 10005770 f   JFileFilter.obj
 0001:00004af8       ?ReadFilteredLine@JFileFilter@@$$FAE$AAMXXZ 10005af8 f   JFileFilter.obj
 0001:00004d20       ?BuildLineTokens@JFileFilter@@$$FQE$AAM_NPE$AAVccList@@@Z 10005d20 f   JFileFilter.obj
 0001:00004f68       ??0JPrefiltState@@$$FQE$AAM@XZ 10005f68 f   JPrefilteredFile.obj
 0001:00004f8c       ?Init@JPrefiltState@@$$FQE$AAMXPE$AAVJPrefilteredFile@@@Z 10005f8c f   JPrefilteredFile.obj
 0001:00004fb8       ?GetNextToken@JPrefiltState@@$$FQE$AAMPE$AAVccNode@@XZ 10005fb8 f   JPrefilteredFile.obj
 0001:0000500c       ?PrintCurrentLine@JPrefiltState@@$$FQE$AAMXXZ 1000600c f   JPrefilteredFile.obj
 0001:00005054       ?NextLine@JPrefiltState@@$$FQE$AAMXXZ 10006054 f   JPrefilteredFile.obj
 0001:000050bc       ?Open@JPrefilteredFile@@$$FQE$AAM_NPE$AAVString@System@@@Z 100060bc f   JPrefilteredFile.obj
 0001:000050f0       ?Open@JPrefilteredFile@@$$FQE$AAMXPE$AAVString@System@@J@Z 100060f0 f   JPrefilteredFile.obj
 0001:0000511c       ?.cctor@JSearchCacheStorage@@$$FCMXXZ 1000611c f i JSearchCache.obj
 0001:00005140       ??0Lock@JSearchCacheStorage@@$$FQE$AAM@XZ 10006140 f i JSearchCache.obj
 0001:00005160       ??1Lock@JSearchCacheStorage@@$$FAE$AAM@XZ 10006160 f i JSearchCache.obj
 0001:00005178       ?<Dispose>@Lock@JSearchCacheStorage@@$$FME$AAMX_N@Z 10006178 f i JSearchCache.obj
 0001:00005198       ??0JSearchCacheStorage@@$$FQE$AAM@XZ 10006198 f i JSearchCache.obj
 0001:000051ac       ?Reset@JSearchCache@@$$FQE$AAMXXZ 100061ac f   JSearchCache.obj
 0001:000051f8       ?Count@JSearchCache@@$$FQE$AAMJXZ 100061f8 f   JSearchCache.obj
 0001:00005248       ??0JSearchCache@@$$FQE$AAM@XZ 10006248 f   JSearchCache.obj
 0001:0000525c       ?GetFileNode@JSearchCache@@$$FAE$AAMPE$AAVJSearchNode@@PE$AAVString@System@@@Z 1000625c f   JSearchCache.obj
 0001:00005390       ?FileExists@JSearchCache@@$$FQE$AAM_NPE$AAVString@System@@@Z 10006390 f   JSearchCache.obj
 0001:000053b0       ?OpenFile@JSearchCache@@$$FQE$AAMPE$AAVJPrefilteredFile@@PE$AAVString@System@@@Z 100063b0 f   JSearchCache.obj
 0001:000053d0       ?<Dispose>@Lock@JSearchCacheStorage@@$$FUE$AAMXXZ 100063d0 f i JSearchCache.obj
 0001:000053ec       ?GetNext@Token@@$$FQE$AAMPE$AAV1@XZ 100063ec f i Tokenizer.obj
 0001:00005408       ?GetPrev@Token@@$$FQE$AAMPE$AAV1@XZ 10006408 f i Tokenizer.obj
 0001:00005424       ??0Token@@$$FQE$AAM@XZ     10006424 f i Tokenizer.obj
 0001:00005438       ?ReleaseAll@Tokenizer@@$$FQE$AAMXXZ 10006438 f i Tokenizer.obj
 0001:0000545c       ?TokenCount@Tokenizer@@$$FQE$AAMKXZ 1000645c f i Tokenizer.obj
 0001:00005478       ?GetFirstToken@Tokenizer@@$$FQE$AAMPE$AAVToken@@XZ 10006478 f i Tokenizer.obj
 0001:00005498       ?GetLastToken@Tokenizer@@$$FQE$AAMPE$AAVToken@@XZ 10006498 f i Tokenizer.obj
 0001:000054b8       ?FindToken@Tokenizer@@$$FQE$AAMPE$AAVToken@@PE$AAVString@System@@@Z 100064b8 f i Tokenizer.obj
 0001:000054d8       ?RemoveToken@Tokenizer@@$$FQE$AAMPE$AAVToken@@PE$AAV2@@Z 100064d8 f i Tokenizer.obj
 0001:000054f8       ?Purge@Tokenizer@@$$FQE$AAMXXZ 100064f8 f   Tokenizer.obj
 0001:00005524       ?SetWhiteSpace@Tokenizer@@$$FQE$AAMXPE$AAVString@System@@@Z 10006524 f   Tokenizer.obj
 0001:00005568       ?SkipWhite@Tokenizer@@$$FAE$AAMHPE$AAVString@System@@HH@Z 10006568 f   Tokenizer.obj
 0001:00005594       ?TokenLen@Tokenizer@@$$FAE$AAMHPE$AAVString@System@@HH@Z 10006594 f   Tokenizer.obj
 0001:000055e4       ?Parse@Tokenizer@@$$FQE$AAMHPE$AAVString@System@@@Z 100065e4 f   Tokenizer.obj
 0001:000056e0       ??0Tokenizer@@$$FQE$AAM@XZ 100066e0 f   Tokenizer.obj

 entry point at        0000:00000000

 Static symbols

 0001:00002eaf       __catch$?ParseDotNetAssemblyFile@JDep@@$$FQE$AAMPE$AAVJDepFile@@PE$AAVString@System@@PE$AAV2@_N@Z$0 10003eaf f   JDep.obj
 0001:00004494       __catch$?Open@JFileFilter@@$$FQE$AAM_NPE$AAVString@System@@@Z$0 10005494 f   JFileFilter.obj
 0001:000052cd       __catch$?GetFileNode@JSearchCache@@$$FAE$AAMPE$AAVJSearchNode@@PE$AAVString@System@@@Z$0 100062cd f   JSearchCache.obj
 0003:00000060       $R000000                   1000c060     * linker generated manifest res *
