 ObfuscateStrings

 Timestamp is 5e2f1d09 (Mon Jan 27 14:25:29 2020)

 Preferred load address is 00400000

 Start         Length     Name                   Class
 0001:00000000 00000300H .text$di                CODE
 0001:00000300 00027c40H .text$mn                CODE
 0001:00027f40 00000c00H .text$x                 CODE
 0001:00028b40 000001f6H .text$yd                CODE
 0002:00000000 00000150H .idata$5                DATA
 0002:00000150 00000004H .00cfg                  DATA
 0002:00000154 00000004H .CRT$XCA                DATA
 0002:00000158 00000004H .CRT$XCAA               DATA
 0002:0000015c 0000002cH .CRT$XCC                DATA
 0002:00000188 00000008H .CRT$XCL                DATA
 0002:00000190 00000010H .CRT$XCU                DATA
 0002:000001a0 00000004H .CRT$XCZ                DATA
 0002:000001a4 00000004H .CRT$XIA                DATA
 0002:000001a8 00000004H .CRT$XIAA               DATA
 0002:000001ac 00000004H .CRT$XIAC               DATA
 0002:000001b0 0000001cH .CRT$XIC                DATA
 0002:000001cc 00000004H .CRT$XIZ                DATA
 0002:000001d0 00000004H .CRT$XLA                DATA
 0002:000001d4 00000004H .CRT$XLZ                DATA
 0002:000001d8 00000004H .CRT$XPA                DATA
 0002:000001dc 00000008H .CRT$XPX                DATA
 0002:000001e4 00000004H .CRT$XPXA               DATA
 0002:000001e8 00000004H .CRT$XPZ                DATA
 0002:000001ec 00000004H .CRT$XTA                DATA
 0002:000001f0 00000010H .CRT$XTZ                DATA
 0002:00000200 0000c514H .rdata                  DATA
 0002:0000c714 00000018H .rdata$T                DATA
 0002:0000c72c 00000d44H .rdata$r                DATA
 0002:0000d470 000000f4H .rdata$sxdata           DATA
 0002:0000d564 00000408H .rdata$zzzdbg           DATA
 0002:0000d96c 00000004H .rtc$IAA                DATA
 0002:0000d970 00000004H .rtc$IZZ                DATA
 0002:0000d974 00000004H .rtc$TAA                DATA
 0002:0000d978 00000008H .rtc$TZZ                DATA
 0002:0000d980 000017acH .xdata$x                DATA
 0002:0000f12c 00000000H .edata                  DATA
 0002:0000f12c 00000028H .idata$2                DATA
 0002:0000f154 00000014H .idata$3                DATA
 0002:0000f168 00000150H .idata$4                DATA
 0002:0000f2b8 00000602H .idata$6                DATA
 0003:00000000 000009b0H .data                   DATA
 0003:000009b0 000006b0H .data$r                 DATA
 0003:00001060 00000ff0H .bss                    DATA
 0004:00000000 0000026cH .gfids$y                DATA
 0005:00000000 00000004H .tls                    DATA
 0005:00000004 00000004H .tls$                   DATA
 0005:00000008 00000001H .tls$ZZZ                DATA

  Address         Publics by Value              Rva+Base       Lib:Object

 0000:00000000       ___guard_fids_count        00000000     <absolute>
 0000:00000000       ___guard_longjmp_count     00000000     <absolute>
 0000:00000000       __except_list              00000000     <absolute>
 0000:00000000       ___guard_longjmp_table     00000000     <absolute>
 0000:00000000       ___guard_iat_table         00000000     <absolute>
 0000:00000000       ___guard_iat_count         00000000     <absolute>
 0000:00000000       ___guard_fids_table        00000000     <absolute>
 0000:00000000       ___dynamic_value_reloc_table 00000000     <absolute>
 0000:0000002c       __tls_array                0000002c     <absolute>
 0000:0000003d       ___safe_se_handler_count   0000003d     <absolute>
 0000:00000100       ___guard_flags             00000100     <absolute>
 0000:00000000       ___ImageBase               00400000     <linker-defined>
 0001:00000300       ??$?6U?$char_traits@D@std@@@std@@YAAAV?$basic_ostream@DU?$char_traits@D@std@@@0@AAV10@PBD@Z 00401300 f i ObfuscateStrings.cpp.obj
 0001:000005d0       ??$?6_WU?$char_traits@_W@std@@@std@@YAAAV?$basic_ostream@_WU?$char_traits@_W@std@@@0@AAV10@PBD@Z 004015d0 f i ObfuscateStrings.cpp.obj
 0001:00000960       ??$?6_WU?$char_traits@_W@std@@@std@@YAAAV?$basic_ostream@_WU?$char_traits@_W@std@@@0@AAV10@PB_W@Z 00401960 f i ObfuscateStrings.cpp.obj
 0001:00000c40       ??$_Immortalize@V_Iostream_error_category@std@@@std@@YAAAV_Iostream_error_category@0@XZ 00401c40 f i ObfuscateStrings.cpp.obj
 0001:00000cb0       ??$use_facet@V?$ctype@D@std@@@std@@YAABV?$ctype@D@0@ABVlocale@0@@Z 00401cb0 f i ObfuscateStrings.cpp.obj
 0001:00000de0       ??$use_facet@V?$ctype@_W@std@@@std@@YAABV?$ctype@_W@0@ABVlocale@0@@Z 00401de0 f i ObfuscateStrings.cpp.obj
 0001:00000f10       ??$use_facet@V?$num_put@DV?$ostreambuf_iterator@DU?$char_traits@D@std@@@std@@@std@@@std@@YAABV?$num_put@DV?$ostreambuf_iterator@DU?$char_traits@D@std@@@std@@@0@ABVlocale@0@@Z 00401f10 f i ObfuscateStrings.cpp.obj
 0001:00001040       ??$use_facet@V?$numpunct@D@std@@@std@@YAABV?$numpunct@D@0@ABVlocale@0@@Z 00402040 f i ObfuscateStrings.cpp.obj
 0001:00001170       ??0?$ctype@_W@std@@QAE@ABV_Locinfo@1@I@Z 00402170 f i ObfuscateStrings.cpp.obj
 0001:000011d0       ??0_Locinfo@std@@QAE@PBD@Z 004021d0 f i ObfuscateStrings.cpp.obj
 0001:000012b0       ??0_System_error@std@@IAE@Verror_code@1@ABV?$basic_string@DU?$char_traits@D@std@@V?$allocator@D@2@@1@@Z 004022b0 f i ObfuscateStrings.cpp.obj
 0001:00001380       ??0_System_error@std@@QAE@ABV01@@Z 00402380 f i ObfuscateStrings.cpp.obj
 0001:000013c0       ??0bad_cast@std@@QAE@ABV01@@Z 004023c0 f i ObfuscateStrings.cpp.obj
 0001:000013f0       ??0exception@std@@QAE@ABV01@@Z 004023f0 f i ObfuscateStrings.cpp.obj
 0001:00001420       ??0failure@ios_base@std@@QAE@ABV012@@Z 00402420 f i ObfuscateStrings.cpp.obj
 0001:00001470       ??0runtime_error@std@@QAE@ABV01@@Z 00402470 f i ObfuscateStrings.cpp.obj
 0001:000014a0       ??0sentry@?$basic_ostream@DU?$char_traits@D@std@@@std@@QAE@AAV12@@Z 004024a0 f i ObfuscateStrings.cpp.obj
 0001:000014a0       ??0sentry@?$basic_ostream@_WU?$char_traits@_W@std@@@std@@QAE@AAV12@@Z 004024a0 f i ObfuscateStrings.cpp.obj
 0001:00001530       ??0system_error@std@@QAE@ABV01@@Z 00402530 f i ObfuscateStrings.cpp.obj
 0001:00001580       ??0system_error@std@@QAE@Verror_code@1@PBD@Z 00402580 f i ObfuscateStrings.cpp.obj
 0001:00001640       ??1?$_Yarn@_W@std@@QAE@XZ  00402640 f i ObfuscateStrings.cpp.obj
 0001:00001640       ??1?$_Yarn@D@std@@QAE@XZ   00402640 f i ObfuscateStrings.cpp.obj
 0001:00001660       ??1?$basic_string@DU?$char_traits@D@std@@V?$allocator@D@2@@std@@QAE@XZ 00402660 f i ObfuscateStrings.cpp.obj
 0001:000016a0       ??1_Locinfo@std@@QAE@XZ    004026a0 f i ObfuscateStrings.cpp.obj
 0001:00001770       ??1_Sentry_base@?$basic_ostream@_WU?$char_traits@_W@std@@@std@@QAE@XZ 00402770 f i ObfuscateStrings.cpp.obj
 0001:00001770       ??1_Sentry_base@?$basic_ostream@DU?$char_traits@D@std@@@std@@QAE@XZ 00402770 f i ObfuscateStrings.cpp.obj
 0001:00001770       ??1_Sentry_base@?$basic_istream@DU?$char_traits@D@std@@@std@@QAE@XZ 00402770 f i StringScanner.cpp.obj
 0001:000017c0       ??1length_error@std@@UAE@XZ 004027c0 f i libcpmt:xthrow.obj
 0001:000017c0       ??1out_of_range@std@@UAE@XZ 004027c0 f i libcpmt:xthrow.obj
 0001:000017c0       ??1bad_exception@std@@UAE@XZ 004027c0 f i libvcruntime:frame.obj
 0001:000017c0       ??1bad_cast@std@@UAE@XZ    004027c0 f i ObfuscateStrings.cpp.obj
 0001:000017c0       ??1bad_alloc@std@@UAE@XZ   004027c0 f i libcpmt:xthrow.obj
 0001:000017c0       ??1failure@ios_base@std@@UAE@XZ 004027c0 f i ObfuscateStrings.cpp.obj
 0001:000017c0       ??1runtime_error@std@@UAE@XZ 004027c0 f i ObfuscateStrings.cpp.obj
 0001:000017c0       ??1bad_array_new_length@std@@UAE@XZ 004027c0 f i LIBCMT:throw_bad_alloc.obj
 0001:000017e0       ??1facet@locale@std@@MAE@XZ 004027e0 f i ObfuscateStrings.cpp.obj
 0001:000017f0       ??1locale@std@@QAE@XZ      004027f0 f i ObfuscateStrings.cpp.obj
 0001:00001840       ??1sentry@?$basic_ostream@_WU?$char_traits@_W@std@@@std@@QAE@XZ 00402840 f i ObfuscateStrings.cpp.obj
 0001:00001840       ??1sentry@?$basic_ostream@DU?$char_traits@D@std@@@std@@QAE@XZ 00402840 f i ObfuscateStrings.cpp.obj
 0001:000018a0       ??6?$basic_ostream@DU?$char_traits@D@std@@@std@@QAEAAV01@H@Z 004028a0 f i ObfuscateStrings.cpp.obj
 0001:00001a50       ??_E?$ctype@D@std@@MAEPAXI@Z 00402a50 f i ObfuscateStrings.cpp.obj
 0001:00001a50       ??_G?$ctype@D@std@@MAEPAXI@Z 00402a50 f i ObfuscateStrings.cpp.obj
 0001:00001aa0       ??_G?$ctype@_W@std@@MAEPAXI@Z 00402aa0 f i ObfuscateStrings.cpp.obj
 0001:00001aa0       ??_E?$ctype@_W@std@@MAEPAXI@Z 00402aa0 f i ObfuscateStrings.cpp.obj
 0001:00001af0       ??_E?$numpunct@D@std@@MAEPAXI@Z 00402af0 f i ObfuscateStrings.cpp.obj
 0001:00001af0       ??_G?$numpunct@D@std@@MAEPAXI@Z 00402af0 f i ObfuscateStrings.cpp.obj
 0001:00001b40       ??_G_Facet_base@std@@UAEPAXI@Z 00402b40 f i ObfuscateStrings.cpp.obj
 0001:00001b40       ??_E_Facet_base@std@@UAEPAXI@Z 00402b40 f i ObfuscateStrings.cpp.obj
 0001:00001b70       ??_G_Iostream_error_category@std@@UAEPAXI@Z 00402b70 f i ObfuscateStrings.cpp.obj
 0001:00001b70       ??_Gerror_category@std@@UAEPAXI@Z 00402b70 f i ObfuscateStrings.cpp.obj
 0001:00001b70       ??_Eerror_category@std@@UAEPAXI@Z 00402b70 f i ObfuscateStrings.cpp.obj
 0001:00001b70       ??_E_Iostream_error_category@std@@UAEPAXI@Z 00402b70 f i ObfuscateStrings.cpp.obj
 0001:00001ba0       ??_Eruntime_error@std@@UAEPAXI@Z 00402ba0 f i ObfuscateStrings.cpp.obj
 0001:00001ba0       ??_Gbad_cast@std@@UAEPAXI@Z 00402ba0 f i ObfuscateStrings.cpp.obj
 0001:00001ba0       ??_Ebad_cast@std@@UAEPAXI@Z 00402ba0 f i ObfuscateStrings.cpp.obj
 0001:00001ba0       ??_Eexception@std@@UAEPAXI@Z 00402ba0 f i ObfuscateStrings.cpp.obj
 0001:00001ba0       ??_Gruntime_error@std@@UAEPAXI@Z 00402ba0 f i ObfuscateStrings.cpp.obj
 0001:00001ba0       ??_Gexception@std@@UAEPAXI@Z 00402ba0 f i ObfuscateStrings.cpp.obj
 0001:00001bd0       ??_Gfailure@ios_base@std@@UAEPAXI@Z 00402bd0 f i ObfuscateStrings.cpp.obj
 0001:00001bd0       ??_Gsystem_error@std@@UAEPAXI@Z 00402bd0 f i ObfuscateStrings.cpp.obj
 0001:00001bd0       ??_Efailure@ios_base@std@@UAEPAXI@Z 00402bd0 f i ObfuscateStrings.cpp.obj
 0001:00001bd0       ??_Esystem_error@std@@UAEPAXI@Z 00402bd0 f i ObfuscateStrings.cpp.obj
 0001:00001bd0       ??_E_System_error@std@@UAEPAXI@Z 00402bd0 f i ObfuscateStrings.cpp.obj
 0001:00001bd0       ??_G_System_error@std@@UAEPAXI@Z 00402bd0 f i ObfuscateStrings.cpp.obj
 0001:00001c00       ?ConsoleCtrlHandler@@YGHK@Z 00402c00 f   ObfuscateStrings.cpp.obj
 0001:00001c20       ?_Assign_rv@?$basic_string@DU?$char_traits@D@std@@V?$allocator@D@2@@std@@QAEX$$QAV12@@Z 00402c20 f i ObfuscateStrings.cpp.obj
 0001:00001c90       ?_Chassign@?$basic_string@DU?$char_traits@D@std@@V?$allocator@D@2@@std@@QAEXIID@Z 00402c90 f i ObfuscateStrings.cpp.obj
 0001:00001ce0       ?_Copy@?$basic_string@DU?$char_traits@D@std@@V?$allocator@D@2@@std@@QAEXII@Z 00402ce0 f i ObfuscateStrings.cpp.obj
 0001:00001e40       ?_Copy@?$basic_string@_WU?$char_traits@_W@std@@V?$allocator@_W@2@@std@@QAEXII@Z 00402e40 f i ObfuscateStrings.cpp.obj
 0001:00001fb0       ?_Decref@facet@locale@std@@UAEPAV_Facet_base@3@XZ 00402fb0 f i ObfuscateStrings.cpp.obj
 0001:00001fd0       ?_Ffmt@?$num_put@DV?$ostreambuf_iterator@DU?$char_traits@D@std@@@std@@@std@@ABAPADPADDH@Z 00402fd0 f i ObfuscateStrings.cpp.obj
 0001:00002090       ?_Fput@?$num_put@DV?$ostreambuf_iterator@DU?$char_traits@D@std@@@std@@@std@@ABA?AV?$ostreambuf_iterator@DU?$char_traits@D@std@@@2@V32@AAVios_base@2@DPBDI@Z 00403090 f i ObfuscateStrings.cpp.obj
 0001:00002450       ?_Getcat@?$ctype@D@std@@SAIPAPBVfacet@locale@2@PBV42@@Z 00403450 f i ObfuscateStrings.cpp.obj
 0001:00002520       ?_Getcat@?$ctype@_W@std@@SAIPAPBVfacet@locale@2@PBV42@@Z 00403520 f i ObfuscateStrings.cpp.obj
 0001:000025d0       ?_Getcat@?$num_put@DV?$ostreambuf_iterator@DU?$char_traits@D@std@@@std@@@std@@SAIPAPBVfacet@locale@2@PBV42@@Z 004035d0 f i ObfuscateStrings.cpp.obj
 0001:00002680       ?_Getcat@?$numpunct@D@std@@SAIPAPBVfacet@locale@2@PBV42@@Z 00403680 f i ObfuscateStrings.cpp.obj
 0001:00002750       ?_Ifmt@?$num_put@DV?$ostreambuf_iterator@DU?$char_traits@D@std@@@std@@@std@@ABAPADPADPBDH@Z 00403750 f i ObfuscateStrings.cpp.obj
 0001:000027e0       ?_Incref@facet@locale@std@@UAEXXZ 004037e0 f i ObfuscateStrings.cpp.obj
 0001:000027f0       ?_Init@?$numpunct@D@std@@IAEXABV_Locinfo@2@_N@Z 004037f0 f i ObfuscateStrings.cpp.obj
 0001:00002990       ?_Iput@?$num_put@DV?$ostreambuf_iterator@DU?$char_traits@D@std@@@std@@@std@@ABA?AV?$ostreambuf_iterator@DU?$char_traits@D@std@@@2@V32@AAVios_base@2@DPADI@Z 00403990 f i ObfuscateStrings.cpp.obj
 0001:00002cf0       ?_Makestr@_System_error@std@@CA?AV?$basic_string@DU?$char_traits@D@std@@V?$allocator@D@2@@2@Verror_code@2@V32@@Z 00403cf0 f i ObfuscateStrings.cpp.obj
 0001:00002dd0       ?_Osfx@?$basic_ostream@_WU?$char_traits@_W@std@@@std@@QAEXXZ 00403dd0 f i ObfuscateStrings.cpp.obj
 0001:00002dd0       ?_Osfx@?$basic_ostream@DU?$char_traits@D@std@@@std@@QAEXXZ 00403dd0 f i ObfuscateStrings.cpp.obj
 0001:00002e60       ?_Put@?$num_put@DV?$ostreambuf_iterator@DU?$char_traits@D@std@@@std@@@std@@ABA?AV?$ostreambuf_iterator@DU?$char_traits@D@std@@@2@V32@PBDI@Z 00403e60 f i ObfuscateStrings.cpp.obj
 0001:00002ee0       ?_Rep@?$num_put@DV?$ostreambuf_iterator@DU?$char_traits@D@std@@@std@@@std@@ABA?AV?$ostreambuf_iterator@DU?$char_traits@D@std@@@2@V32@DI@Z 00403ee0 f i ObfuscateStrings.cpp.obj
 0001:00002f50       ?_Tidy@?$numpunct@D@std@@AAEXXZ 00403f50 f i ObfuscateStrings.cpp.obj
 0001:00002f70       ?allocate@?$allocator@D@std@@QAEPADI@Z 00403f70 f i ObfuscateStrings.cpp.obj
 0001:00002fd0       ?allocate@?$allocator@_W@std@@QAEPA_WI@Z 00403fd0 f i ObfuscateStrings.cpp.obj
 0001:00003040       ?append@?$basic_string@DU?$char_traits@D@std@@V?$allocator@D@2@@std@@QAEAAV12@ABV12@II@Z 00404040 f i ObfuscateStrings.cpp.obj
 0001:00003140       ?append@?$basic_string@DU?$char_traits@D@std@@V?$allocator@D@2@@std@@QAEAAV12@ID@Z 00404140 f i ObfuscateStrings.cpp.obj
 0001:000031f0       ?append@?$basic_string@DU?$char_traits@D@std@@V?$allocator@D@2@@std@@QAEAAV12@PBDI@Z 004041f0 f i ObfuscateStrings.cpp.obj
 0001:00003320       ?assign@?$basic_string@DU?$char_traits@D@std@@V?$allocator@D@2@@std@@QAEAAV12@ABV12@II@Z 00404320 f i ObfuscateStrings.cpp.obj
 0001:00003430       ?assign@?$basic_string@DU?$char_traits@D@std@@V?$allocator@D@2@@std@@QAEAAV12@ID@Z 00404430 f i ObfuscateStrings.cpp.obj
 0001:00003500       ?assign@?$basic_string@DU?$char_traits@D@std@@V?$allocator@D@2@@std@@QAEAAV12@PBDI@Z 00404500 f i ObfuscateStrings.cpp.obj
 0001:00003600       ?assign@?$basic_string@_WU?$char_traits@_W@std@@V?$allocator@_W@2@@std@@QAEAAV12@ABV12@II@Z 00404600 f i ObfuscateStrings.cpp.obj
 0001:00003720       ?assign@?$basic_string@_WU?$char_traits@_W@std@@V?$allocator@_W@2@@std@@QAEAAV12@PB_WI@Z 00404720 f i ObfuscateStrings.cpp.obj
 0001:00003820       ?clear@ios_base@std@@QAEXH_N@Z 00404820 f i ObfuscateStrings.cpp.obj
 0001:000038e0       ?deallocate@?$_Wrap_alloc@V?$allocator@D@std@@@std@@QAEXPADI@Z 004048e0 f i ObfuscateStrings.cpp.obj
 0001:00003940       ?deallocate@?$_Wrap_alloc@V?$allocator@_W@std@@@std@@QAEXPA_WI@Z 00404940 f i ObfuscateStrings.cpp.obj
 0001:000039a0       ?default_error_condition@error_category@std@@UBE?AVerror_condition@2@H@Z 004049a0 f i ObfuscateStrings.cpp.obj
 0001:000039b0       ?do_decimal_point@?$numpunct@D@std@@MBEDXZ 004049b0 f i ObfuscateStrings.cpp.obj
 0001:000039c0       ?do_falsename@?$numpunct@D@std@@MBE?AV?$basic_string@DU?$char_traits@D@std@@V?$allocator@D@2@@2@XZ 004049c0 f i ObfuscateStrings.cpp.obj
 0001:00003a20       ?do_grouping@?$numpunct@D@std@@MBE?AV?$basic_string@DU?$char_traits@D@std@@V?$allocator@D@2@@2@XZ 00404a20 f i ObfuscateStrings.cpp.obj
 0001:00003a80       ?do_is@?$ctype@_W@std@@MBEPB_WPB_W0PAF@Z 00404a80 f i ObfuscateStrings.cpp.obj
 0001:00003aa0       ?do_is@?$ctype@_W@std@@MBE_NF_W@Z 00404aa0 f i ObfuscateStrings.cpp.obj
 0001:00003ac0       ?do_narrow@?$ctype@D@std@@MBEDDD@Z 00404ac0 f i ObfuscateStrings.cpp.obj
 0001:00003ad0       ?do_narrow@?$ctype@D@std@@MBEPBDPBD0DPAD@Z 00404ad0 f i ObfuscateStrings.cpp.obj
 0001:00003af0       ?do_narrow@?$ctype@_W@std@@MBED_WD@Z 00404af0 f i ObfuscateStrings.cpp.obj
 0001:00003b50       ?do_narrow@?$ctype@_W@std@@MBEPB_WPB_W0DPAD@Z 00404b50 f i ObfuscateStrings.cpp.obj
 0001:00003bf0       ?do_put@?$num_put@DV?$ostreambuf_iterator@DU?$char_traits@D@std@@@std@@@std@@MBE?AV?$ostreambuf_iterator@DU?$char_traits@D@std@@@2@V32@AAVios_base@2@DJ@Z 00404bf0 f i ObfuscateStrings.cpp.obj
 0001:00003c80       ?do_put@?$num_put@DV?$ostreambuf_iterator@DU?$char_traits@D@std@@@std@@@std@@MBE?AV?$ostreambuf_iterator@DU?$char_traits@D@std@@@2@V32@AAVios_base@2@DK@Z 00404c80 f i ObfuscateStrings.cpp.obj
 0001:00003d10       ?do_put@?$num_put@DV?$ostreambuf_iterator@DU?$char_traits@D@std@@@std@@@std@@MBE?AV?$ostreambuf_iterator@DU?$char_traits@D@std@@@2@V32@AAVios_base@2@DN@Z 00404d10 f i ObfuscateStrings.cpp.obj
 0001:00003ec0       ?do_put@?$num_put@DV?$ostreambuf_iterator@DU?$char_traits@D@std@@@std@@@std@@MBE?AV?$ostreambuf_iterator@DU?$char_traits@D@std@@@2@V32@AAVios_base@2@DO@Z 00404ec0 f i ObfuscateStrings.cpp.obj
 0001:00004070       ?do_put@?$num_put@DV?$ostreambuf_iterator@DU?$char_traits@D@std@@@std@@@std@@MBE?AV?$ostreambuf_iterator@DU?$char_traits@D@std@@@2@V32@AAVios_base@2@DPBX@Z 00405070 f i ObfuscateStrings.cpp.obj
 0001:000040e0       ?do_put@?$num_put@DV?$ostreambuf_iterator@DU?$char_traits@D@std@@@std@@@std@@MBE?AV?$ostreambuf_iterator@DU?$char_traits@D@std@@@2@V32@AAVios_base@2@D_J@Z 004050e0 f i ObfuscateStrings.cpp.obj
 0001:00004170       ?do_put@?$num_put@DV?$ostreambuf_iterator@DU?$char_traits@D@std@@@std@@@std@@MBE?AV?$ostreambuf_iterator@DU?$char_traits@D@std@@@2@V32@AAVios_base@2@D_K@Z 00405170 f i ObfuscateStrings.cpp.obj
 0001:00004200       ?do_put@?$num_put@DV?$ostreambuf_iterator@DU?$char_traits@D@std@@@std@@@std@@MBE?AV?$ostreambuf_iterator@DU?$char_traits@D@std@@@2@V32@AAVios_base@2@D_N@Z 00405200 f i ObfuscateStrings.cpp.obj
 0001:00004400       ?do_scan_is@?$ctype@_W@std@@MBEPB_WFPB_W0@Z 00405400 f i ObfuscateStrings.cpp.obj
 0001:00004440       ?do_scan_not@?$ctype@_W@std@@MBEPB_WFPB_W0@Z 00405440 f i ObfuscateStrings.cpp.obj
 0001:00004480       ?do_thousands_sep@?$numpunct@D@std@@MBEDXZ 00405480 f i ObfuscateStrings.cpp.obj
 0001:00004490       ?do_tolower@?$ctype@D@std@@MBEDD@Z 00405490 f i ObfuscateStrings.cpp.obj
 0001:000044b0       ?do_tolower@?$ctype@D@std@@MBEPBDPADPBD@Z 004054b0 f i ObfuscateStrings.cpp.obj
 0001:000044f0       ?do_tolower@?$ctype@_W@std@@MBEPB_WPA_WPB_W@Z 004054f0 f i ObfuscateStrings.cpp.obj
 0001:00004540       ?do_tolower@?$ctype@_W@std@@MBE_W_W@Z 00405540 f i ObfuscateStrings.cpp.obj
 0001:00004560       ?do_toupper@?$ctype@D@std@@MBEDD@Z 00405560 f i ObfuscateStrings.cpp.obj
 0001:00004580       ?do_toupper@?$ctype@D@std@@MBEPBDPADPBD@Z 00405580 f i ObfuscateStrings.cpp.obj
 0001:000045c0       ?do_toupper@?$ctype@_W@std@@MBEPB_WPA_WPB_W@Z 004055c0 f i ObfuscateStrings.cpp.obj
 0001:00004610       ?do_toupper@?$ctype@_W@std@@MBE_W_W@Z 00405610 f i ObfuscateStrings.cpp.obj
 0001:00004630       ?do_truename@?$numpunct@D@std@@MBE?AV?$basic_string@DU?$char_traits@D@std@@V?$allocator@D@2@@2@XZ 00405630 f i ObfuscateStrings.cpp.obj
 0001:00004690       ?do_widen@?$ctype@D@std@@MBEDD@Z 00405690 f i ObfuscateStrings.cpp.obj
 0001:000046a0       ?do_widen@?$ctype@D@std@@MBEPBDPBD0PAD@Z 004056a0 f i ObfuscateStrings.cpp.obj
 0001:000046c0       ?do_widen@?$ctype@_W@std@@MBEPBDPBD0PA_W@Z 004056c0 f i ObfuscateStrings.cpp.obj
 0001:00004750       ?do_widen@?$ctype@_W@std@@MBE_WD@Z 00405750 f i ObfuscateStrings.cpp.obj
 0001:000047a0       ?equivalent@error_category@std@@UBE_NABVerror_code@2@H@Z 004057a0 f i ObfuscateStrings.cpp.obj
 0001:000047d0       ?equivalent@error_category@std@@UBE_NHABVerror_condition@2@@Z 004057d0 f i ObfuscateStrings.cpp.obj
 0001:00004810       ?erase@?$basic_string@DU?$char_traits@D@std@@V?$allocator@D@2@@std@@QAEAAV12@II@Z 00405810 f i ObfuscateStrings.cpp.obj
 0001:000048b0       ?erase@?$basic_string@_WU?$char_traits@_W@std@@V?$allocator@_W@2@@std@@QAEAAV12@II@Z 004058b0 f i ObfuscateStrings.cpp.obj
 0001:00004960       ?falsename@?$numpunct@D@std@@QBE?AV?$basic_string@DU?$char_traits@D@std@@V?$allocator@D@2@@2@XZ 00405960 f i ObfuscateStrings.cpp.obj
 0001:00004980       ?flush@?$basic_ostream@DU?$char_traits@D@std@@@std@@QAEAAV12@XZ 00405980 f i ObfuscateStrings.cpp.obj
 0001:00004980       ?flush@?$basic_ostream@_WU?$char_traits@_W@std@@@std@@QAEAAV12@XZ 00405980 f i ObfuscateStrings.cpp.obj
 0001:00004a40       ?getloc@ios_base@std@@QBE?AVlocale@2@XZ 00405a40 f i ObfuscateStrings.cpp.obj
 0001:00004aa0       ?grouping@?$numpunct@D@std@@QBE?AV?$basic_string@DU?$char_traits@D@std@@V?$allocator@D@2@@2@XZ 00405aa0 f i ObfuscateStrings.cpp.obj
 0001:00004ac0       ?insert@?$basic_string@DU?$char_traits@D@std@@V?$allocator@D@2@@std@@QAEAAV12@IID@Z 00405ac0 f i ObfuscateStrings.cpp.obj
 0001:00004bc0       ?message@_Generic_error_category@std@@UBE?AV?$basic_string@DU?$char_traits@D@std@@V?$allocator@D@2@@2@H@Z 00405bc0 f i ObfuscateStrings.cpp.obj
 0001:00004c30       ?message@_Iostream_error_category@std@@UBE?AV?$basic_string@DU?$char_traits@D@std@@V?$allocator@D@2@@2@H@Z 00405c30 f i ObfuscateStrings.cpp.obj
 0001:00004c80       ?message@error_code@std@@QBE?AV?$basic_string@DU?$char_traits@D@std@@V?$allocator@D@2@@2@XZ 00405c80 f i ObfuscateStrings.cpp.obj
 0001:00004cb0       ?name@_Iostream_error_category@std@@UBEPBDXZ 00405cb0 f i ObfuscateStrings.cpp.obj
 0001:00004cc0       ?parseWinCommand@@YAXAAUarguments@@@Z 00405cc0 f   ObfuscateStrings.cpp.obj
 0001:00004d60       ?truename@?$numpunct@D@std@@QBE?AV?$basic_string@DU?$char_traits@D@std@@V?$allocator@D@2@@2@XZ 00405d60 f i ObfuscateStrings.cpp.obj
 0001:00004d80       ?what@exception@std@@UBEPBDXZ 00405d80 f i ObfuscateStrings.cpp.obj
 0001:00004d90       ___local_stdio_printf_options 00405d90 f i ObfuscateStrings.cpp.obj
 0001:00004da0       _main                      00405da0 f   ObfuscateStrings.cpp.obj
 0001:00004f20       _sprintf_s                 00405f20 f i ObfuscateStrings.cpp.obj
 0001:00004f50       ??$?H_WU?$char_traits@_W@std@@V?$allocator@_W@1@@std@@YA?AV?$basic_string@_WU?$char_traits@_W@std@@V?$allocator@_W@2@@0@ABV10@PB_W@Z 00405f50 f i StringScanner.cpp.obj
 0001:00005060       ??$_Uninitialized_copy_al_unchecked1@PBU?$pair@HH@std@@PAU12@V?$allocator@U?$pair@HH@std@@@2@@std@@YAPAU?$pair@HH@0@PBU10@0PAU10@AAU?$_Wrap_alloc@V?$allocator@U?$pair@HH@std@@@std@@@0@U_General_ptr_iterator_tag@0@U_Any_tag@0@@Z 00406060 f i StringScanner.cpp.obj
 0001:00005060       ??$_Uninitialized_move_al_unchecked1@PAU?$pair@HH@std@@PAU12@V?$allocator@U?$pair@HH@std@@@2@@std@@YAPAU?$pair@HH@0@PAU10@00AAU?$_Wrap_alloc@V?$allocator@U?$pair@HH@std@@@std@@@0@U_General_ptr_iterator_tag@0@U_Any_tag@0@@Z 00406060 f i StringScanner.cpp.obj
 0001:000050a0       ?imbue@?$basic_streambuf@DU?$char_traits@D@std@@@std@@MAEXABVlocale@2@@Z 004060a0 f i StringScanner.cpp.obj
 0001:000050a0       ??$destroy@PAD@?$_Wrap_alloc@V?$allocator@D@std@@@std@@QAEXPAPAD@Z 004060a0 f i StringScanner.cpp.obj
 0001:000050a0       ??$destroy@PA_W@?$_Wrap_alloc@V?$allocator@_W@std@@@std@@QAEXPAPA_W@Z 004060a0 f i StringScanner.cpp.obj
 0001:000050a0       ?imbue@?$basic_streambuf@_WU?$char_traits@_W@std@@@std@@MAEXABVlocale@2@@Z 004060a0 f i libcpmt:wcout.obj
 0001:000050b0       ??$use_facet@V?$codecvt@DDU_Mbstatet@@@std@@@std@@YAABV?$codecvt@DDU_Mbstatet@@@0@ABVlocale@0@@Z 004060b0 f i StringScanner.cpp.obj
 0001:000051e0       ??0?$_Wrap_alloc@V?$allocator@D@std@@@std@@QAE@XZ 004061e0 f i StringScanner.cpp.obj
 0001:000051e0       ??0?$_Wrap_alloc@V?$allocator@_W@std@@@std@@QAE@XZ 004061e0 f i StringScanner.cpp.obj
 0001:000051f0       ??0?$basic_fstream@DU?$char_traits@D@std@@@std@@QAE@ABV?$basic_string@_WU?$char_traits@_W@std@@V?$allocator@_W@2@@1@HH@Z 004061f0 f i StringScanner.cpp.obj
 0001:00005360       ??0?$basic_iostream@DU?$char_traits@D@std@@@std@@QAE@PAV?$basic_streambuf@DU?$char_traits@D@std@@@1@@Z 00406360 f i StringScanner.cpp.obj
 0001:00005440       ??0?$basic_streambuf@DU?$char_traits@D@std@@@std@@IAE@XZ 00406440 f i StringScanner.cpp.obj
 0001:00005510       ??0?$fpos@U_Mbstatet@@@std@@QAE@U_Mbstatet@@_J@Z 00406510 f i StringScanner.cpp.obj
 0001:00005540       ??0?$vector@U?$pair@HH@std@@V?$allocator@U?$pair@HH@std@@@2@@std@@QAE@ABV01@@Z 00406540 f i StringScanner.cpp.obj
 0001:00005620       ??0StringScanner@@QAE@XZ   00406620 f   StringScanner.cpp.obj
 0001:00005630       ??1?$basic_filebuf@DU?$char_traits@D@std@@@std@@UAE@XZ 00406630 f i StringScanner.cpp.obj
 0001:000056e0       ??1?$basic_fstream@DU?$char_traits@D@std@@@std@@UAE@XZ 004066e0 f i StringScanner.cpp.obj
 0001:00005760       ??1?$basic_ios@DU?$char_traits@D@std@@@std@@UAE@XZ 00406760 f i StringScanner.cpp.obj
 0001:000057b0       ??1?$basic_iostream@DU?$char_traits@D@std@@@std@@UAE@XZ 004067b0 f i StringScanner.cpp.obj
 0001:00005810       ??1?$basic_istream@DU?$char_traits@D@std@@@std@@UAE@XZ 00406810 f i StringScanner.cpp.obj
 0001:00005830       ??1arguments@@QAE@XZ       00406830 f i ObfuscateStrings.cpp.obj
 0001:00005830       ??1?$basic_string@_WU?$char_traits@_W@std@@V?$allocator@_W@2@@std@@QAE@XZ 00406830 f i StringScanner.cpp.obj
 0001:00005870       ??1?$vector@U?$pair@HH@std@@V?$allocator@U?$pair@HH@std@@@2@@std@@QAE@XZ 00406870 f i StringScanner.cpp.obj
 0001:00005870       ?_Tidy@?$vector@U?$pair@HH@std@@V?$allocator@U?$pair@HH@std@@@2@@std@@IAEXXZ 00406870 f i StringScanner.cpp.obj
 0001:000058a0       ??1sentry@?$basic_istream@DU?$char_traits@D@std@@@std@@QAE@XZ 004068a0 f i StringScanner.cpp.obj
 0001:000058f0       ??_D?$basic_fstream@DU?$char_traits@D@std@@@std@@QAEXXZ 004068f0 f i StringScanner.cpp.obj
 0001:00005950       ??_D?$basic_iostream@DU?$char_traits@D@std@@@std@@QAEXXZ 00406950 f i StringScanner.cpp.obj
 0001:000059ea       ??_E?$basic_fstream@DU?$char_traits@D@std@@@std@@$4PPPPPPPM@A@AEPAXI@Z 004069ea f i StringScanner.cpp.obj
 0001:000059f2       ??_E?$basic_iostream@DU?$char_traits@D@std@@@std@@$4PPPPPPPM@A@AEPAXI@Z 004069f2 f i StringScanner.cpp.obj
 0001:000059fa       ??_E?$basic_istream@DU?$char_traits@D@std@@@std@@$4PPPPPPPM@A@AEPAXI@Z 004069fa f i StringScanner.cpp.obj
 0001:00005a02       ??_E?$basic_ostream@DU?$char_traits@D@std@@@std@@$4PPPPPPPM@A@AEPAXI@Z 00406a02 f i StringScanner.cpp.obj
 0001:00005a10       ??_E?$basic_filebuf@DU?$char_traits@D@std@@@std@@UAEPAXI@Z 00406a10 f i StringScanner.cpp.obj
 0001:00005a10       ??_G?$basic_filebuf@DU?$char_traits@D@std@@@std@@UAEPAXI@Z 00406a10 f i StringScanner.cpp.obj
 0001:00005a30       ??_G?$basic_fstream@DU?$char_traits@D@std@@@std@@UAEPAXI@Z 00406a30 f i StringScanner.cpp.obj
 0001:00005a30       ??_E?$basic_fstream@DU?$char_traits@D@std@@@std@@UAEPAXI@Z 00406a30 f i StringScanner.cpp.obj
 0001:00005aa0       ??_E?$basic_ios@DU?$char_traits@D@std@@@std@@UAEPAXI@Z 00406aa0 f i StringScanner.cpp.obj
 0001:00005aa0       ??_G?$basic_ios@DU?$char_traits@D@std@@@std@@UAEPAXI@Z 00406aa0 f i StringScanner.cpp.obj
 0001:00005b00       ??_G?$basic_iostream@DU?$char_traits@D@std@@@std@@UAEPAXI@Z 00406b00 f i StringScanner.cpp.obj
 0001:00005b00       ??_E?$basic_iostream@DU?$char_traits@D@std@@@std@@UAEPAXI@Z 00406b00 f i StringScanner.cpp.obj
 0001:00005b30       ??_E?$basic_istream@DU?$char_traits@D@std@@@std@@UAEPAXI@Z 00406b30 f i StringScanner.cpp.obj
 0001:00005b30       ??_G?$basic_istream@DU?$char_traits@D@std@@@std@@UAEPAXI@Z 00406b30 f i StringScanner.cpp.obj
 0001:00005bb0       ??_E?$basic_ostream@DU?$char_traits@D@std@@@std@@UAEPAXI@Z 00406bb0 f i StringScanner.cpp.obj
 0001:00005bb0       ??_G?$basic_ostream@DU?$char_traits@D@std@@@std@@UAEPAXI@Z 00406bb0 f i StringScanner.cpp.obj
 0001:00005c30       ??_E?$basic_streambuf@DU?$char_traits@D@std@@@std@@UAEPAXI@Z 00406c30 f i StringScanner.cpp.obj
 0001:00005c30       ??_G?$basic_streambuf@DU?$char_traits@D@std@@@std@@UAEPAXI@Z 00406c30 f i StringScanner.cpp.obj
 0001:00005cc0       ??_E?$num_put@DV?$ostreambuf_iterator@DU?$char_traits@D@std@@@std@@@std@@MAEPAXI@Z 00406cc0 f i ObfuscateStrings.cpp.obj
 0001:00005cc0       ??_G?$num_put@DV?$ostreambuf_iterator@DU?$char_traits@D@std@@@std@@@std@@MAEPAXI@Z 00406cc0 f i ObfuscateStrings.cpp.obj
 0001:00005cc0       ??_E?$codecvt@DDU_Mbstatet@@@std@@MAEPAXI@Z 00406cc0 f i StringScanner.cpp.obj
 0001:00005cc0       ??_G?$codecvt@DDU_Mbstatet@@@std@@MAEPAXI@Z 00406cc0 f i StringScanner.cpp.obj
 0001:00005cf0       ??_Eios_base@std@@UAEPAXI@Z 00406cf0 f i StringScanner.cpp.obj
 0001:00005cf0       ??_Gios_base@std@@UAEPAXI@Z 00406cf0 f i StringScanner.cpp.obj
 0001:00005d50       ?FillError@StringScanner@@AAEXPB_W@Z 00406d50 f   StringScanner.cpp.obj
 0001:00005e60       ?Obfuscate@StringScanner@@AAEXPAEI@Z 00406e60 f   StringScanner.cpp.obj
 0001:00005ec0       ?Obfuscate@StringScanner@@AAEXPAGI@Z 00406ec0 f   StringScanner.cpp.obj
 0001:00005f20       ?ObfuscateStringInBuffer@StringScanner@@AAEXPADAAV?$vector@U?$pair@HH@std@@V?$allocator@U?$pair@HH@std@@@2@@std@@@Z 00406f20 f   StringScanner.cpp.obj
 0001:00005fe0       ?ObfuscateWStringInBuffer@StringScanner@@AAEXPADV?$vector@U?$pair@HH@std@@V?$allocator@U?$pair@HH@std@@@2@@std@@@Z 00406fe0 f   StringScanner.cpp.obj
 0001:00006170       ?Scan@StringScanner@@QAE_NABUarguments@@@Z 00407170 f   StringScanner.cpp.obj
 0001:00006910       ?_Endwrite@?$basic_filebuf@DU?$char_traits@D@std@@@std@@IAE_NXZ 00407910 f i StringScanner.cpp.obj
 0001:00006a70       ?_Getcat@?$codecvt@DDU_Mbstatet@@@std@@SAIPAPBVfacet@locale@2@PBV42@@Z 00407a70 f i StringScanner.cpp.obj
 0001:00006b20       ?_Gnavail@?$basic_streambuf@DU?$char_traits@D@std@@@std@@IBE_JXZ 00407b20 f i StringScanner.cpp.obj
 0001:00006b40       ?_Grow@?$basic_string@_WU?$char_traits@_W@std@@V?$allocator@_W@2@@std@@QAE_NI_N@Z 00407b40 f i StringScanner.cpp.obj
 0001:00006bc0       ?_Init@?$basic_filebuf@DU?$char_traits@D@std@@@std@@IAEXPAU_iobuf@@W4_Initfl@12@@Z 00407bc0 f i StringScanner.cpp.obj
 0001:00006cb0       ?_Init@?$basic_streambuf@DU?$char_traits@D@std@@@std@@IAEXXZ 00407cb0 f i StringScanner.cpp.obj
 0001:00006d10       ?_Init@ios_base@std@@IAEXXZ 00407d10 f i StringScanner.cpp.obj
 0001:00006de0       ?_Ipfx@?$basic_istream@DU?$char_traits@D@std@@@std@@QAE_N_N@Z 00407de0 f i StringScanner.cpp.obj
 0001:00006f90       ?_Lock@?$basic_filebuf@DU?$char_traits@D@std@@@std@@UAEXXZ 00407f90 f i StringScanner.cpp.obj
 0001:00006fa0       ?_Pnavail@?$basic_streambuf@DU?$char_traits@D@std@@@std@@IBE_JXZ 00407fa0 f i StringScanner.cpp.obj
 0001:00006fc0       ?_Reallocate@?$vector@U?$pair@HH@std@@V?$allocator@U?$pair@HH@std@@@2@@std@@IAEXI@Z 00407fc0 f i StringScanner.cpp.obj
 0001:00007080       ?_Reserve@?$vector@U?$pair@HH@std@@V?$allocator@U?$pair@HH@std@@@2@@std@@IAEXI@Z 00408080 f i StringScanner.cpp.obj
 0001:000070f0       ?_Reset_back@?$basic_filebuf@DU?$char_traits@D@std@@@std@@AAEXXZ 004080f0 f i StringScanner.cpp.obj
 0001:00007120       ?_Set_back@?$basic_filebuf@DU?$char_traits@D@std@@@std@@AAEXXZ 00408120 f i StringScanner.cpp.obj
 0001:00007160       ?_Tidy@?$basic_string@_WU?$char_traits@_W@std@@V?$allocator@_W@2@@std@@QAEX_NI@Z 00408160 f i StringScanner.cpp.obj
 0001:000071c0       ?_Unlock@?$basic_filebuf@DU?$char_traits@D@std@@@std@@UAEXXZ 004081c0 f i StringScanner.cpp.obj
 0001:000071d0       ?allocate@?$allocator@U?$pair@HH@std@@@std@@QAEPAU?$pair@HH@2@I@Z 004081d0 f i StringScanner.cpp.obj
 0001:00007240       ?append@?$basic_string@_WU?$char_traits@_W@std@@V?$allocator@_W@2@@std@@QAEAAV12@ABV12@II@Z 00408240 f i StringScanner.cpp.obj
 0001:00007350       ?append@?$basic_string@_WU?$char_traits@_W@std@@V?$allocator@_W@2@@std@@QAEAAV12@PB_WI@Z 00408350 f i StringScanner.cpp.obj
 0001:00007430       ?close@?$basic_filebuf@DU?$char_traits@D@std@@@std@@QAEPAV12@XZ 00408430 f i StringScanner.cpp.obj
 0001:000074f0       ?deallocate@?$_Wrap_alloc@V?$allocator@U?$pair@HH@std@@@std@@@std@@QAEXPAU?$pair@HH@2@I@Z 004084f0 f i StringScanner.cpp.obj
 0001:00007550       ?do_encoding@codecvt_base@std@@MBEHXZ 00408550 f i StringScanner.cpp.obj
 0001:00007550       ?do_max_length@codecvt_base@std@@MBEHXZ 00408550 f i StringScanner.cpp.obj
 0001:00007560       ?do_out@?$codecvt@DDU_Mbstatet@@@std@@MBEHAAU_Mbstatet@@PBD1AAPBDPAD3AAPAD@Z 00408560 f i StringScanner.cpp.obj
 0001:00007560       ?do_in@?$codecvt@DDU_Mbstatet@@@std@@MBEHAAU_Mbstatet@@PBD1AAPBDPAD3AAPAD@Z 00408560 f i StringScanner.cpp.obj
 0001:00007580       ?do_length@?$codecvt@DDU_Mbstatet@@@std@@MBEHAAU_Mbstatet@@PBD1I@Z 00408580 f i StringScanner.cpp.obj
 0001:000075a0       ?do_unshift@?$codecvt@DDU_Mbstatet@@@std@@MBEHAAU_Mbstatet@@PAD1AAPAD@Z 004085a0 f i StringScanner.cpp.obj
 0001:000075b0       ?getloc@?$basic_streambuf@DU?$char_traits@D@std@@@std@@QBE?AVlocale@2@XZ 004085b0 f i StringScanner.cpp.obj
 0001:00007610       ?imbue@?$basic_filebuf@DU?$char_traits@D@std@@@std@@MAEXABVlocale@2@@Z 00408610 f i StringScanner.cpp.obj
 0001:00007650       ?init@?$basic_ios@DU?$char_traits@D@std@@@std@@IAEXPAV?$basic_streambuf@DU?$char_traits@D@std@@@2@_N@Z 00408650 f i StringScanner.cpp.obj
 0001:00007720       ?open@?$basic_filebuf@DU?$char_traits@D@std@@@std@@QAEPAV12@PB_WHH@Z 00408720 f i StringScanner.cpp.obj
 0001:00007800       ?overflow@?$basic_filebuf@DU?$char_traits@D@std@@@std@@MAEHH@Z 00408800 f i StringScanner.cpp.obj
 0001:00007a10       ?overflow@?$basic_streambuf@DU?$char_traits@D@std@@@std@@MAEHH@Z 00408a10 f i StringScanner.cpp.obj
 0001:00007a10       ?pbackfail@?$basic_streambuf@DU?$char_traits@D@std@@@std@@MAEHH@Z 00408a10 f i StringScanner.cpp.obj
 0001:00007a20       ?pbackfail@?$basic_filebuf@DU?$char_traits@D@std@@@std@@MAEHH@Z 00408a20 f i StringScanner.cpp.obj
 0001:00007ab0       ?read@?$basic_istream@DU?$char_traits@D@std@@@std@@QAEAAV12@PAD_J@Z 00408ab0 f i StringScanner.cpp.obj
 0001:00007c00       ?seekg@?$basic_istream@DU?$char_traits@D@std@@@std@@QAEAAV12@_JH@Z 00408c00 f i StringScanner.cpp.obj
 0001:00007d10       ?seekoff@?$basic_filebuf@DU?$char_traits@D@std@@@std@@MAE?AV?$fpos@U_Mbstatet@@@2@_JHH@Z 00408d10 f i StringScanner.cpp.obj
 0001:00007e20       ?seekoff@?$basic_streambuf@DU?$char_traits@D@std@@@std@@MAE?AV?$fpos@U_Mbstatet@@@2@_JHH@Z 00408e20 f i StringScanner.cpp.obj
 0001:00007e50       ?seekpos@?$basic_filebuf@DU?$char_traits@D@std@@@std@@MAE?AV?$fpos@U_Mbstatet@@@2@V32@H@Z 00408e50 f i StringScanner.cpp.obj
 0001:00007f40       ?seekpos@?$basic_streambuf@DU?$char_traits@D@std@@@std@@MAE?AV?$fpos@U_Mbstatet@@@2@V32@H@Z 00408f40 f i StringScanner.cpp.obj
 0001:00007f70       ?setbuf@?$basic_filebuf@DU?$char_traits@D@std@@@std@@MAEPAV?$basic_streambuf@DU?$char_traits@D@std@@@2@PAD_J@Z 00408f70 f i StringScanner.cpp.obj
 0001:00007fc0       ?setbuf@?$basic_streambuf@DU?$char_traits@D@std@@@std@@MAEPAV12@PAD_J@Z 00408fc0 f i StringScanner.cpp.obj
 0001:00007fc0       ?setbuf@?$basic_streambuf@_WU?$char_traits@_W@std@@@std@@MAEPAV12@PA_W_J@Z 00408fc0 f i libcpmt:wcout.obj
 0001:00007fd0       ?showmanyc@?$basic_streambuf@DU?$char_traits@D@std@@@std@@MAE_JXZ 00408fd0 f i StringScanner.cpp.obj
 0001:00007fd0       ?showmanyc@?$basic_streambuf@_WU?$char_traits@_W@std@@@std@@MAE_JXZ 00408fd0 f i libcpmt:wcout.obj
 0001:00007fe0       ?snextc@?$basic_streambuf@DU?$char_traits@D@std@@@std@@QAEHXZ 00408fe0 f i StringScanner.cpp.obj
 0001:00008050       ?sync@?$basic_filebuf@DU?$char_traits@D@std@@@std@@MAEHXZ 00409050 f i StringScanner.cpp.obj
 0001:00008080       ?tellg@?$basic_istream@DU?$char_traits@D@std@@@std@@QAE?AV?$fpos@U_Mbstatet@@@2@XZ 00409080 f i StringScanner.cpp.obj
 0001:00008160       ?uflow@?$basic_filebuf@DU?$char_traits@D@std@@@std@@MAEHXZ 00409160 f i StringScanner.cpp.obj
 0001:00008350       ?uflow@?$basic_streambuf@DU?$char_traits@D@std@@@std@@MAEHXZ 00409350 f i StringScanner.cpp.obj
 0001:00008380       ?underflow@?$basic_filebuf@DU?$char_traits@D@std@@@std@@MAEHXZ 00409380 f i StringScanner.cpp.obj
 0001:000083c0       ?underflow@?$basic_streambuf@DU?$char_traits@D@std@@@std@@MAEHXZ 004093c0 f i StringScanner.cpp.obj
 0001:000083d0       ?write@?$basic_ostream@DU?$char_traits@D@std@@@std@@QAEAAV12@PBD_J@Z 004093d0 f i StringScanner.cpp.obj
 0001:00008550       ?xsgetn@?$basic_streambuf@DU?$char_traits@D@std@@@std@@MAE_JPAD_J@Z 00409550 f i StringScanner.cpp.obj
 0001:00008650       ?xsputn@?$basic_streambuf@DU?$char_traits@D@std@@@std@@MAE_JPBD_J@Z 00409650 f i StringScanner.cpp.obj
 0001:000087f0       ?ShiftBits@ObfuscateStrings@Origin@@YAEE@Z 004097f0 f   shiftbits.cpp.obj
 0001:00008810       ?ShiftBits@ObfuscateStrings@Origin@@YAGG@Z 00409810 f   shiftbits.cpp.obj
 0001:00008829       ??0_Init_locks@std@@QAE@XZ 00409829 f   libcpmt:xlock.obj
 0001:00008856       ??0_Lockit@std@@QAE@H@Z    00409856 f   libcpmt:xlock.obj
 0001:00008887       ??1_Init_locks@std@@QAE@XZ 00409887 f   libcpmt:xlock.obj
 0001:000088ae       ??1_Lockit@std@@QAE@XZ     004098ae f   libcpmt:xlock.obj
 0001:000088cd       ?uncaught_exception@std@@YA_NXZ 004098cd f   libcpmt:uncaught.obj
 0001:000088d2       ??0bad_alloc@std@@QAE@ABV01@@Z 004098d2 f i libcpmt:xthrow.obj
 0001:000088ed       ??0bad_alloc@std@@QAE@XZ   004098ed f i libcpmt:xthrow.obj
 0001:00008905       ??0exception@std@@QAE@QBD@Z 00409905 f i libcpmt:xthrow.obj
 0001:0000893c       ??0length_error@std@@QAE@ABV01@@Z 0040993c f i libcpmt:xthrow.obj
 0001:00008957       ??0length_error@std@@QAE@PBD@Z 00409957 f i libcpmt:xthrow.obj
 0001:00008978       ??0logic_error@std@@QAE@ABV01@@Z 00409978 f i libcpmt:xthrow.obj
 0001:00008993       ??0out_of_range@std@@QAE@ABV01@@Z 00409993 f i libcpmt:xthrow.obj
 0001:000089ae       ??0out_of_range@std@@QAE@PBD@Z 004099ae f i libcpmt:xthrow.obj
 0001:000089cf       ?__scrt_throw_std_bad_alloc@@YAXXZ 004099cf f   LIBCMT:throw_bad_alloc.obj
 0001:000089cf       ?_Xbad_alloc@std@@YAXXZ    004099cf f   libcpmt:xthrow.obj
 0001:000089ec       ?_Xlength_error@std@@YAXPBD@Z 004099ec f   libcpmt:xthrow.obj
 0001:00008a0c       ?_Xout_of_range@std@@YAXPBD@Z 00409a0c f   libcpmt:xthrow.obj
 0001:00008a2c       __Getctype                 00409a2c f   libcpmt:_tolower.obj
 0001:00008a97       __Tolower                  00409a97 f   libcpmt:_tolower.obj
 0001:00008b91       __Getcvt                   00409b91 f   libcpmt:xwctomb.obj
 0001:00008bfe       __Wcrtomb                  00409bfe f   libcpmt:xwctomb.obj
 0001:00008c5c       __Mbrtowc                  00409c5c f   libcpmt:xmbtowc.obj
 0001:00008daf       __Toupper                  00409daf f   libcpmt:_toupper.obj
 0001:00008ea9       __Getwctype                00409ea9 f   libcpmt:xgetwctype.obj
 0001:00008ecd       __Getwctypes               00409ecd f   libcpmt:xgetwctype.obj
 0001:00008eec       __Towlower                 00409eec f   libcpmt:xtowlower.obj
 0001:00008f4e       __Towupper                 00409f4e f   libcpmt:xtowupper.obj
 0001:00008fb4       ??0_Locimp@locale@std@@AAE@_N@Z 00409fb4 f i libcpmt:locale0.obj
 0001:00008ffa       ??1_Fac_node@std@@QAE@XZ   00409ffa f i libcpmt:locale0.obj
 0001:00009059       ??1_Fac_tidy_reg_t@std@@QAE@XZ 0040a059 f i libcpmt:locale0.obj
 0001:00009080       ??1_Locimp@locale@std@@MAE@XZ 0040a080 f i libcpmt:locale0.obj
 0001:000090db       ??4?$_Yarn@D@std@@QAEAAV01@PBD@Z 0040a0db f i libcpmt:locale0.obj
 0001:0000912f       ??_G_Locimp@locale@std@@MAEPAXI@Z 0040a12f f i libcpmt:locale0.obj
 0001:0000912f       ??_E_Locimp@locale@std@@MAEPAXI@Z 0040a12f f i libcpmt:locale0.obj
 0001:00009151       ?_Facet_Register@std@@YAXPAV_Facet_base@1@@Z 0040a151 f   libcpmt:locale0.obj
 0001:0000917f       ?_Getgloballocale@locale@std@@CAPAV_Locimp@12@XZ 0040a17f f   libcpmt:locale0.obj
 0001:00009185       ?_Init@locale@std@@CAPAV_Locimp@12@_N@Z 0040a185 f   libcpmt:locale0.obj
 0001:00009213       ?_Locimp_dtor@_Locimp@locale@std@@CAXPAV123@@Z 0040a213 f   libcpmt:locale0.obj
 0001:00009288       ?_Locinfo_ctor@_Locinfo@std@@SAXPAV12@PBD@Z 0040a288 f   libcpmt:locale0.obj
 0001:000092d3       ?_Locinfo_dtor@_Locinfo@std@@SAXPAV12@@Z 0040a2d3 f   libcpmt:locale0.obj
 0001:000092f5       ?_New_Locimp@_Locimp@locale@std@@CAPAV123@_N@Z 0040a2f5 f   libcpmt:locale0.obj
 0001:0000931a       ?_Setgloballocale@locale@std@@CAXPAX@Z 0040a31a f   libcpmt:locale0.obj
 0001:00009342       __Deletegloballocale       0040a342 f   libcpmt:locale0.obj
 0001:000093a7       ?_Deallocate@std@@YAXPAXII@Z 0040a3a7 f i libcpmt:syserror.obj
 0001:000093f2       ?_Syserror_map@std@@YAPBDH@Z 0040a3f2 f   libcpmt:syserror.obj
 0001:00009417       ?copy@?$char_traits@_W@std@@SAPA_WPA_WPB_WI@Z 0040a417 f i libcpmt:syserror.obj
 0001:00009439       ??0?$basic_ostream@DU?$char_traits@D@std@@@std@@QAE@PAV?$basic_streambuf@DU?$char_traits@D@std@@@1@_N@Z 0040a439 f i libcpmt:cout.obj
 0001:000094a0       ??0_Init_cout@std@@QAE@XZ  0040a4a0 f i libcpmt:cout.obj
 0001:000094f9       ??0bad_cast@std@@QAE@XZ    0040a4f9 f i libcpmt:cout.obj
 0001:00009511       ??Bid@locale@std@@QAEIXZ   0040a511 f i libcpmt:cout.obj
 0001:00009548       ??_D?$basic_ostream@DU?$char_traits@D@std@@@std@@QAEXXZ 0040a548 f i libcpmt:cout.obj
 0001:000095a8       ?_Getfacet@locale@std@@QBEPBVfacet@12@I@Z 0040a5a8 f i libcpmt:cout.obj
 0001:000095e5       ?_Tidy@?$basic_string@DU?$char_traits@D@std@@V?$allocator@D@2@@std@@QAEX_NI@Z 0040a5e5 f i libcpmt:cout.obj
 0001:0000963a       ?c_str@locale@std@@QBEPBDXZ 0040a63a f i libcpmt:cout.obj
 0001:00009652       ??$_Fgetc@_W@std@@YA_NAA_WPAU_iobuf@@@Z 0040a652 f i libcpmt:wcout.obj
 0001:00009679       ??$_Fputc@_W@std@@YA_N_WPAU_iobuf@@@Z 0040a679 f i libcpmt:wcout.obj
 0001:00009698       ??$_Ungetc@_W@std@@YA_NAB_WPAU_iobuf@@@Z 0040a698 f i libcpmt:wcout.obj
 0001:000096bb       ??$use_facet@V?$codecvt@_WDU_Mbstatet@@@std@@@std@@YAABV?$codecvt@_WDU_Mbstatet@@@0@ABVlocale@0@@Z 0040a6bb f i libcpmt:wcout.obj
 0001:00009758       ??0?$basic_ostream@_WU?$char_traits@_W@std@@@std@@QAE@PAV?$basic_streambuf@_WU?$char_traits@_W@std@@@1@_N@Z 0040a758 f i libcpmt:wcout.obj
 0001:000097bf       ??0?$basic_streambuf@_WU?$char_traits@_W@std@@@std@@IAE@XZ 0040a7bf f i libcpmt:wcout.obj
 0001:00009806       ??0?$codecvt@_WDU_Mbstatet@@@std@@QAE@ABV_Locinfo@1@I@Z 0040a806 f i libcpmt:wcout.obj
 0001:0000983f       ??0_Init_wcout@std@@QAE@XZ 0040a83f f i libcpmt:wcout.obj
 0001:00009898       ??1?$basic_filebuf@_WU?$char_traits@_W@std@@@std@@UAE@XZ 0040a898 f i libcpmt:wcout.obj
 0001:000098f2       ??1?$basic_ios@_WU?$char_traits@_W@std@@@std@@UAE@XZ 0040a8f2 f i libcpmt:wcout.obj
 0001:00009934       ??1?$basic_streambuf@_WU?$char_traits@_W@std@@@std@@UAE@XZ 0040a934 f i libcpmt:wcout.obj
 0001:00009955       ??_D?$basic_ostream@_WU?$char_traits@_W@std@@@std@@QAEXXZ 0040a955 f i libcpmt:wcout.obj
 0001:000099b5       ??_E?$basic_ostream@_WU?$char_traits@_W@std@@@std@@$4PPPPPPPM@A@AEPAXI@Z 0040a9b5 f i libcpmt:wcout.obj
 0001:000099bd       ??_E?$basic_filebuf@_WU?$char_traits@_W@std@@@std@@UAEPAXI@Z 0040a9bd f i libcpmt:wcout.obj
 0001:000099bd       ??_G?$basic_filebuf@_WU?$char_traits@_W@std@@@std@@UAEPAXI@Z 0040a9bd f i libcpmt:wcout.obj
 0001:000099df       ??_G?$basic_ios@_WU?$char_traits@_W@std@@@std@@UAEPAXI@Z 0040a9df f i libcpmt:wcout.obj
 0001:000099df       ??_E?$basic_ios@_WU?$char_traits@_W@std@@@std@@UAEPAXI@Z 0040a9df f i libcpmt:wcout.obj
 0001:00009a39       ??_G?$basic_ostream@_WU?$char_traits@_W@std@@@std@@UAEPAXI@Z 0040aa39 f i libcpmt:wcout.obj
 0001:00009a39       ??_E?$basic_ostream@_WU?$char_traits@_W@std@@@std@@UAEPAXI@Z 0040aa39 f i libcpmt:wcout.obj
 0001:00009a5e       ??_E?$basic_streambuf@_WU?$char_traits@_W@std@@@std@@UAEPAXI@Z 0040aa5e f i libcpmt:wcout.obj
 0001:00009a5e       ??_G?$basic_streambuf@_WU?$char_traits@_W@std@@@std@@UAEPAXI@Z 0040aa5e f i libcpmt:wcout.obj
 0001:00009a80       ??_E?$codecvt@_WDU_Mbstatet@@@std@@MAEPAXI@Z 0040aa80 f i libcpmt:wcout.obj
 0001:00009a80       ??_G?$codecvt@_WDU_Mbstatet@@@std@@MAEPAXI@Z 0040aa80 f i libcpmt:wcout.obj
 0001:00009aa3       ?_Endwrite@?$basic_filebuf@_WU?$char_traits@_W@std@@@std@@IAE_NXZ 0040aaa3 f i libcpmt:wcout.obj
 0001:00009bc8       ?_Getcat@?$codecvt@_WDU_Mbstatet@@@std@@SAIPAPBVfacet@locale@2@PBV42@@Z 0040abc8 f i libcpmt:wcout.obj
 0001:00009c2e       ?_Init@?$basic_filebuf@_WU?$char_traits@_W@std@@@std@@IAEXPAU_iobuf@@W4_Initfl@12@@Z 0040ac2e f i libcpmt:wcout.obj
 0001:00009c66       ?_Init@?$basic_streambuf@_WU?$char_traits@_W@std@@@std@@IAEXXZ 0040ac66 f i libcpmt:wcout.obj
 0001:00009caa       ?_Initcvt@?$basic_filebuf@_WU?$char_traits@_W@std@@@std@@IAEXPBV?$codecvt@_WDU_Mbstatet@@@2@@Z 0040acaa f i libcpmt:wcout.obj
 0001:00009ce0       ?_Lock@?$basic_filebuf@_WU?$char_traits@_W@std@@@std@@UAEXXZ 0040ace0 f i libcpmt:wcout.obj
 0001:00009cf0       ?_Reset_back@?$basic_filebuf@_WU?$char_traits@_W@std@@@std@@AAEXXZ 0040acf0 f i libcpmt:wcout.obj
 0001:00009d15       ?_Set_back@?$basic_filebuf@_WU?$char_traits@_W@std@@@std@@AAEXXZ 0040ad15 f i libcpmt:wcout.obj
 0001:00009d50       ?_Unlock@?$basic_filebuf@_WU?$char_traits@_W@std@@@std@@UAEXXZ 0040ad50 f i libcpmt:wcout.obj
 0001:00009d60       ?close@?$basic_filebuf@_WU?$char_traits@_W@std@@@std@@QAEPAV12@XZ 0040ad60 f i libcpmt:wcout.obj
 0001:00009dbf       ?do_always_noconv@?$codecvt@_WDU_Mbstatet@@@std@@MBE_NXZ 0040adbf f i libcpmt:wcout.obj
 0001:00009dc2       ?do_in@?$codecvt@_WDU_Mbstatet@@@std@@MBEHAAU_Mbstatet@@PBD1AAPBDPA_W3AAPA_W@Z 0040adc2 f i libcpmt:wcout.obj
 0001:00009e64       ?do_length@?$codecvt@_WDU_Mbstatet@@@std@@MBEHAAU_Mbstatet@@PBD1I@Z 0040ae64 f i libcpmt:wcout.obj
 0001:00009ee8       ?do_max_length@?$codecvt@_WDU_Mbstatet@@@std@@MBEHXZ 0040aee8 f i libcpmt:wcout.obj
 0001:00009eec       ?do_out@?$codecvt@_WDU_Mbstatet@@@std@@MBEHAAU_Mbstatet@@PB_W1AAPB_WPAD3AAPAD@Z 0040aeec f i libcpmt:wcout.obj
 0001:00009fd2       ?do_unshift@?$codecvt@_WDU_Mbstatet@@@std@@MBEHAAU_Mbstatet@@PAD1AAPAD@Z 0040afd2 f i libcpmt:wcout.obj
 0001:0000a064       ?imbue@?$basic_filebuf@_WU?$char_traits@_W@std@@@std@@MAEXABVlocale@2@@Z 0040b064 f i libcpmt:wcout.obj
 0001:0000a080       ?init@?$basic_ios@_WU?$char_traits@_W@std@@@std@@IAEXPAV?$basic_streambuf@_WU?$char_traits@_W@std@@@2@_N@Z 0040b080 f i libcpmt:wcout.obj
 0001:0000a0ca       ?overflow@?$basic_filebuf@_WU?$char_traits@_W@std@@@std@@MAEGG@Z 0040b0ca f i libcpmt:wcout.obj
 0001:0000a270       ?pbackfail@?$basic_streambuf@_WU?$char_traits@_W@std@@@std@@MAEGG@Z 0040b270 f i libcpmt:wcout.obj
 0001:0000a270       ?overflow@?$basic_streambuf@_WU?$char_traits@_W@std@@@std@@MAEGG@Z 0040b270 f i libcpmt:wcout.obj
 0001:0000a278       ?pbackfail@?$basic_filebuf@_WU?$char_traits@_W@std@@@std@@MAEGG@Z 0040b278 f i libcpmt:wcout.obj
 0001:0000a30c       ?seekoff@?$basic_filebuf@_WU?$char_traits@_W@std@@@std@@MAE?AV?$fpos@U_Mbstatet@@@2@_JHH@Z 0040b30c f i libcpmt:wcout.obj
 0001:0000a3cd       ?seekoff@?$basic_streambuf@_WU?$char_traits@_W@std@@@std@@MAE?AV?$fpos@U_Mbstatet@@@2@_JHH@Z 0040b3cd f i libcpmt:wcout.obj
 0001:0000a3f7       ?seekpos@?$basic_filebuf@_WU?$char_traits@_W@std@@@std@@MAE?AV?$fpos@U_Mbstatet@@@2@V32@H@Z 0040b3f7 f i libcpmt:wcout.obj
 0001:0000a4b7       ?seekpos@?$basic_streambuf@_WU?$char_traits@_W@std@@@std@@MAE?AV?$fpos@U_Mbstatet@@@2@V32@H@Z 0040b4b7 f i libcpmt:wcout.obj
 0001:0000a4e1       ?setbuf@?$basic_filebuf@_WU?$char_traits@_W@std@@@std@@MAEPAV?$basic_streambuf@_WU?$char_traits@_W@std@@@2@PA_W_J@Z 0040b4e1 f i libcpmt:wcout.obj
 0001:0000a532       ?sync@?$basic_filebuf@_WU?$char_traits@_W@std@@@std@@MAEHXZ 0040b532 f i libcpmt:wcout.obj
 0001:0000a580       __get_startup_commit_mode  0040b580 f i LIBCMT:commit_mode.obj
 0001:0000a580       __get_startup_thread_locale_mode 0040b580 f i LIBCMT:thread_locale.obj
 0001:0000a580       __get_startup_new_mode     0040b580 f i LIBCMT:new_mode.obj
 0001:0000a580       ?do_encoding@?$codecvt@_WDU_Mbstatet@@@std@@MBEHXZ 0040b580 f i libcpmt:wcout.obj
 0001:0000a580       ?sync@?$basic_streambuf@DU?$char_traits@D@std@@@std@@MAEHXZ 0040b580 f i StringScanner.cpp.obj
 0001:0000a580       __matherr                  0040b580 f i LIBCMT:matherr.obj
 0001:0000a580       ___scrt_initialize_winrt   0040b580 f i LIBCMT:utility_desktop.obj
 0001:0000a580       ?sync@?$basic_streambuf@_WU?$char_traits@_W@std@@@std@@MAEHXZ 0040b580 f i libcpmt:wcout.obj
 0001:0000a583       ?uflow@?$basic_filebuf@_WU?$char_traits@_W@std@@@std@@MAEGXZ 0040b583 f i libcpmt:wcout.obj
 0001:0000a732       ?uflow@?$basic_streambuf@_WU?$char_traits@_W@std@@@std@@MAEGXZ 0040b732 f i libcpmt:wcout.obj
 0001:0000a768       ?underflow@?$basic_filebuf@_WU?$char_traits@_W@std@@@std@@MAEGXZ 0040b768 f i libcpmt:wcout.obj
 0001:0000a7bc       ?underflow@?$basic_streambuf@_WU?$char_traits@_W@std@@@std@@MAEGXZ 0040b7bc f i libcpmt:wcout.obj
 0001:0000a7c2       ?widen@?$basic_ios@_WU?$char_traits@_W@std@@@std@@QBE_WD@Z 0040b7c2 f i libcpmt:wcout.obj
 0001:0000a80b       ?xsgetn@?$basic_streambuf@_WU?$char_traits@_W@std@@@std@@MAE_JPA_W_J@Z 0040b80b f i libcpmt:wcout.obj
 0001:0000a907       ?xsputn@?$basic_streambuf@_WU?$char_traits@_W@std@@@std@@MAE_JPB_W_J@Z 0040b907 f i libcpmt:wcout.obj
 0001:0000aa85       ?_Addstd@ios_base@std@@SAXPAV12@@Z 0040ba85 f   libcpmt:ios.obj
 0001:0000aad6       ?_Callfns@ios_base@std@@AAEXW4event@12@@Z 0040bad6 f i libcpmt:ios.obj
 0001:0000ab08       ?_Ios_base_dtor@ios_base@std@@CAXPAV12@@Z 0040bb08 f   libcpmt:ios.obj
 0001:0000ab48       ?_Tidy@ios_base@std@@AAEXXZ 0040bb48 f i libcpmt:ios.obj
 0001:0000ab90       ??$_Xfiopen@_W@std@@YAPAU_iobuf@@PB_WHH@Z 0040bb90 f i libcpmt:fiopen.obj
 0001:0000ac32       ?_Fiopen@std@@YAPAU_iobuf@@PB_WHH@Z 0040bc32 f   libcpmt:fiopen.obj
 0001:0000ac3b       ?_Xfsopen@std@@YAPAU_iobuf@@PB_WHH@Z 0040bc3b f   libcpmt:fiopen.obj
 0001:0000ac58       __Mtxdst                   0040bc58 f   libcpmt:xmtx.obj
 0001:0000ac66       __Mtxinit                  0040bc66 f   libcpmt:xmtx.obj
 0001:0000ac7d       __Mtxlock                  0040bc7d f   libcpmt:xmtx.obj
 0001:0000ac8b       __Mtxunlock                0040bc8b f   libcpmt:xmtx.obj
 0001:0000ac99       ___crtLCMapStringA         0040bc99 f   libcpmt:StlLCMapStringA.obj
 0001:0000ae9c       __freea_crt                0040be9c f i libcpmt:StlLCMapStringA.obj
 0001:0000aeba       ___crtLCMapStringW         0040beba f   libcpmt:StlLCMapStringW.obj
 0001:0000aef4       ??1_Init_atexit@@QAE@XZ    0040bef4 f i libcpmt:iosptrs.obj
 0001:0000af58       ?_Atexit@@YAXP6AXXZ@Z      0040bf58 f   libcpmt:iosptrs.obj
 0001:0000b332       ___crtInitializeCriticalSectionEx 0040c332 f   libcpmt:winapisupp.obj
 0001:0000b36a       _GetTableIndexFromLocaleName 0040c36a f   libcpmt:winapinls.obj
 0001:0000b3b8       ___crtDownlevelLocaleNameToLCID 0040c3b8 f   libcpmt:winapinls.obj
 0001:0000b3e2       ___crtLCMapStringEx        0040c3e2 f   libcpmt:winapinls.obj
 0001:0000b438       ___wcsnicmp_ascii          0040c438 f   libcpmt:winapinls.obj
 0001:0000b4ab       ??2@YAPAXI@Z               0040c4ab f   LIBCMT:new_scalar.obj
 0001:0000b4de       ??3@YAXPAX@Z               0040c4de f   LIBCMT:delete_scalar.obj
 0001:0000b4e3       ??3@YAXPAXI@Z              0040c4e3 f   LIBCMT:delete_scalar_size.obj
 0001:0000b4f1       ??_V@YAXPAX@Z              0040c4f1 f   LIBCMT:delete_array.obj
 0001:0000b53a       ___scrt_acquire_startup_lock 0040c53a f   LIBCMT:utility.obj
 0001:0000b56f       ___scrt_initialize_crt     0040c56f f   LIBCMT:utility.obj
 0001:0000b5a8       ___scrt_initialize_onexit_tables 0040c5a8 f   LIBCMT:utility.obj
 0001:0000b63f       ___scrt_is_nonwritable_in_current_image 0040c63f f   LIBCMT:utility.obj
 0001:0000b6c9       ___scrt_release_startup_lock 0040c6c9 f   LIBCMT:utility.obj
 0001:0000b6e6       ___scrt_uninitialize_crt   0040c6e6 f   LIBCMT:utility.obj
 0001:0000b70e       __onexit                   0040c70e f   LIBCMT:utility.obj
 0001:0000b749       _atexit                    0040c749 f   LIBCMT:utility.obj
 0001:0000b83a       __Init_thread_footer       0040c83a f   LIBCMT:thread_safe_statics.obj
 0001:0000b879       __Init_thread_header       0040c879 f   LIBCMT:thread_safe_statics.obj
 0001:0000b8bf       __Init_thread_lock         0040c8bf f   LIBCMT:thread_safe_statics.obj
 0001:0000b8cb       __Init_thread_notify       0040c8cb f   LIBCMT:thread_safe_statics.obj
 0001:0000b90c       __Init_thread_unlock       0040c90c f   LIBCMT:thread_safe_statics.obj
 0001:0000b918       __Init_thread_wait         0040c918 f   LIBCMT:thread_safe_statics.obj
 0001:0000b97d       @__security_check_cookie@4 0040c97d f   LIBCMT:_secchk_.obj
 0001:0000b98e       ??_Gtype_info@@UAEPAXI@Z   0040c98e f i LIBCMT:std_type_info_static.obj
 0001:0000b98e       ??_Etype_info@@UAEPAXI@Z   0040c98e f i LIBCMT:std_type_info_static.obj
 0001:0000b9b1       ??_U@YAPAXI@Z              0040c9b1 f   LIBCMT:new_array.obj
 0001:0000bbe7       _mainCRTStartup            0040cbe7 f   LIBCMT:exe_main.obj
 0001:0000bbf1       @_guard_check_icall@4      0040cbf1 f i LIBCMT:checkcfg.obj
 0001:0000bbf7       __EH_epilog3               0040cbf7 f   LIBCMT:ehprolg3.obj
 0001:0000bc0c       __EH_epilog3_GS            0040cc0c f   LIBCMT:ehprolg3.obj
 0001:0000bc1d       __EH_prolog3               0040cc1d f   LIBCMT:ehprolg3.obj
 0001:0000bc51       __EH_prolog3_GS            0040cc51 f   LIBCMT:ehprolg3.obj
 0001:0000bc88       __EH_prolog3_catch         0040cc88 f   LIBCMT:ehprolg3.obj
 0001:0000bcc0       __alloca_probe_16          0040ccc0 f   LIBCMT:alloca16.obj
 0001:0000bcd6       __alloca_probe_8           0040ccd6     LIBCMT:alloca16.obj
 0001:0000bcf0       __allmul                   0040ccf0 f   LIBCMT:llmul.obj
 0001:0000bd30       __aulldiv                  0040cd30 f   LIBCMT:ulldiv.obj
 0001:0000bd98       ??0bad_array_new_length@std@@QAE@ABV01@@Z 0040cd98 f i LIBCMT:throw_bad_alloc.obj
 0001:0000bdb3       ??0bad_array_new_length@std@@QAE@XZ 0040cdb3 f i LIBCMT:throw_bad_alloc.obj
 0001:0000bdcb       ??_Ebad_array_new_length@std@@UAEPAXI@Z 0040cdcb f i LIBCMT:throw_bad_alloc.obj
 0001:0000bdcb       ??_Eout_of_range@std@@UAEPAXI@Z 0040cdcb f i libcpmt:xthrow.obj
 0001:0000bdcb       ??_Elength_error@std@@UAEPAXI@Z 0040cdcb f i libcpmt:xthrow.obj
 0001:0000bdcb       ??_Gbad_exception@std@@UAEPAXI@Z 0040cdcb f i libvcruntime:frame.obj
 0001:0000bdcb       ??_Ebad_exception@std@@UAEPAXI@Z 0040cdcb f i libvcruntime:frame.obj
 0001:0000bdcb       ??_Gbad_alloc@std@@UAEPAXI@Z 0040cdcb f i libcpmt:xthrow.obj
 0001:0000bdcb       ??_Ebad_alloc@std@@UAEPAXI@Z 0040cdcb f i libcpmt:xthrow.obj
 0001:0000bdcb       ??_Gbad_array_new_length@std@@UAEPAXI@Z 0040cdcb f i LIBCMT:throw_bad_alloc.obj
 0001:0000bdcb       ??_Glogic_error@std@@UAEPAXI@Z 0040cdcb f i libcpmt:xthrow.obj
 0001:0000bdcb       ??_Gout_of_range@std@@UAEPAXI@Z 0040cdcb f i libcpmt:xthrow.obj
 0001:0000bdcb       ??_Elogic_error@std@@UAEPAXI@Z 0040cdcb f i libcpmt:xthrow.obj
 0001:0000bdcb       ??_Glength_error@std@@UAEPAXI@Z 0040cdcb f i libcpmt:xthrow.obj
 0001:0000bdf8       ?__scrt_throw_std_bad_array_new_length@@YAXXZ 0040cdf8 f   LIBCMT:throw_bad_alloc.obj
 0001:0000be15       ___isa_available_init      0040ce15 f   LIBCMT:_cpu_disp_.obj
 0001:0000bfaf       __get_startup_argv_mode    0040cfaf f   LIBCMT:argv_mode.obj
 0001:0000bfb3       ___scrt_is_ucrt_dll_in_use 0040cfb3 f   LIBCMT:ucrt_detection.obj
 0001:0000bfbf       ___scrt_fastfail           0040cfbf f   LIBCMT:utility_desktop.obj
 0001:0000c0da       ___scrt_set_unhandled_exception_filter 0040d0da f   LIBCMT:utility_desktop.obj
 0001:0000c0e6       ___scrt_unhandled_exception_filter@4 0040d0e6 f   LIBCMT:utility_desktop.obj
 0001:0000c127       __crt_debugger_hook        0040d127 f   LIBCMT:utility_desktop.obj
 0001:0000c130       __SEH_prolog4              0040d130 f   LIBCMT:_sehprolg4_.obj
 0001:0000c176       __SEH_epilog4              0040d176 f   LIBCMT:_sehprolg4_.obj
 0001:0000c18b       ___raise_securityfailure   0040d18b f   LIBCMT:gs_report.obj
 0001:0000c1b3       ___report_gsfailure        0040d1b3 f   LIBCMT:gs_report.obj
 0001:0000c2ae       ___report_rangecheckfailure 0040d2ae f   LIBCMT:gs_report.obj
 0001:0000c2ba       ___report_securityfailure  0040d2ba f   LIBCMT:gs_report.obj
 0001:0000c38a       ___security_init_cookie    0040d38a f   LIBCMT:gs_support.obj
 0001:0000c426       __get_startup_file_mode    0040d426 f   LIBCMT:file_mode.obj
 0001:0000c42c       ?__scrt_initialize_type_info@@YAXXZ 0040d42c f   LIBCMT:tncleanup.obj
 0001:0000c438       __initialize_default_precision 0040d438 f   LIBCMT:default_precision.obj
 0001:0000c460       __initialize_invalid_parameter_handler 0040d460 f   LIBCMT:invalid_parameter_handler.obj
 0001:0000c460       ??1?$_String_alloc@U?$_String_base_types@_WV?$allocator@_W@std@@@std@@@std@@QAE@XZ 0040d460 f   StringScanner.cpp.obj
 0001:0000c460       ___except_validate_context_record 0040d460 f   libvcruntime:jbcxrval.obj
 0001:0000c460       @_guard_check_icall_nop@4  0040d460 f   LIBCMT:guard_support.obj
 0001:0000c460       ?_Lock@?$basic_streambuf@DU?$char_traits@D@std@@@std@@UAEXXZ 0040d460 f   StringScanner.cpp.obj
 0001:0000c460       ??1?$_String_alloc@U?$_String_base_types@DV?$allocator@D@std@@@std@@@std@@QAE@XZ 0040d460 f   StringScanner.cpp.obj
 0001:0000c460       ?_Lock@?$basic_streambuf@_WU?$char_traits@_W@std@@@std@@UAEXXZ 0040d460 f   libcpmt:wcout.obj
 0001:0000c460       ___except_validate_jump_buffer 0040d460 f   libvcruntime:jbcxrval.obj
 0001:0000c460       ?_Unlock@?$basic_streambuf@DU?$char_traits@D@std@@@std@@UAEXXZ 0040d460 f   StringScanner.cpp.obj
 0001:0000c460       ??1StringScanner@@QAE@XZ   0040d460 f   StringScanner.cpp.obj
 0001:0000c460       ?_Unlock@?$basic_streambuf@_WU?$char_traits@_W@std@@@std@@UAEXXZ 0040d460 f   libcpmt:wcout.obj
 0001:0000c460       __initialize_denormal_control 0040d460 f   LIBCMT:denormal_control.obj
 0001:0000c461       ___local_stdio_scanf_options 0040d461 f i LIBCMT:default_local_stdio_options.obj
 0001:0000c467       ___scrt_initialize_default_local_stdio_options 0040d467 f   LIBCMT:default_local_stdio_options.obj
 0001:0000c484       ___scrt_is_user_matherr_present 0040d484 f   LIBCMT:matherr_detection.obj
 0001:0000c490       ___scrt_get_dyn_tls_init_callback 0040d490 f   LIBCMT:dyn_tls_init.obj
 0001:0000c496       ___scrt_get_dyn_tls_dtor_callback 0040d496 f   LIBCMT:dyn_tls_dtor.obj
 0001:0000c49c       __RTC_Initialize           0040d49c f   LIBCMT:_initsect_.obj
 0001:0000c4c7       __RTC_Terminate            0040d4c7 f   LIBCMT:_initsect_.obj
 0001:0000c500       __alloca_probe             0040d500 f   LIBCMT:chkstk.obj
 0001:0000c500       __chkstk                   0040d500 f   LIBCMT:chkstk.obj
 0001:0000c52e       _IsProcessorFeaturePresent@4 0040d52e f   kernel32:KERNEL32.dll
 0001:0000c534       __get_purecall_handler     0040d534 f   libvcruntime:purevirt.obj
 0001:0000c553       __purecall                 0040d553 f   libvcruntime:purevirt.obj
 0001:0000c56e       ___DestructExceptionObject 0040d56e f   libvcruntime:frame.obj
 0001:0000c602       ??0bad_exception@std@@QAE@ABV01@@Z 0040d602 f i libvcruntime:frame.obj
 0001:0000c61d       ??0bad_exception@std@@QAE@XZ 0040d61d f i libvcruntime:frame.obj
 0001:0000ce4e       ?_CallMemberFunction0@@YGXQAX0@Z 0040de4e f i libvcruntime:frame.obj
 0001:0000ce4e       ?_CallMemberFunction2@@YGXQAX00H@Z 0040de4e f i libvcruntime:frame.obj
 0001:0000ce4e       ?_CallMemberFunction1@@YGXQAX00@Z 0040de4e f i libvcruntime:frame.obj
 0001:0000ce55       ___AdjustPointer           0040de55 f   libvcruntime:frame.obj
 0001:0000ce7a       ___BuildCatchObject        0040de7a f   libvcruntime:frame.obj
 0001:0000cf09       ___BuildCatchObjectHelper  0040df09 f   libvcruntime:frame.obj
 0001:0000d037       ___FrameUnwindFilter       0040e037 f   libvcruntime:frame.obj
 0001:0000d07c       ___FrameUnwindToState      0040e07c f   libvcruntime:frame.obj
 0001:0000d144       ___InternalCxxFrameHandler 0040e144 f   libvcruntime:frame.obj
 0001:0000d240       ___TypeMatch               0040e240 f   libvcruntime:frame.obj
 0001:0000d2ce       ___std_terminate           0040e2ce f   libvcruntime:frame.obj
 0001:0000d2d3       ___uncaught_exception      0040e2d3 f   libvcruntime:frame.obj
 0001:0000d2e0       _memmove                   0040e2e0 f   libvcruntime:memmove.obj
 0001:0000d854       ___std_exception_copy      0040e854 f   libvcruntime:std_exception.obj
 0001:0000d8b7       ___std_exception_destroy   0040e8b7 f   libvcruntime:std_exception.obj
 0001:0000d8d6       __CxxThrowException@8      0040e8d6 f   libvcruntime:throw.obj
 0001:0000d944       ?_CallCatchBlock2@@YAPAXPAUEHRegistrationNode@@PBU_s_FuncInfo@@PAXHK@Z 0040e944 f   libvcruntime:trnsctrl.obj
 0001:0000d9a4       ?_CallSETranslator@@YAHPAUEHExceptionRecord@@PAUEHRegistrationNode@@PAX2PBU_s_FuncInfo@@H1@Z 0040e9a4 f   libvcruntime:trnsctrl.obj
 0001:0000da81       ?_GetRangeOfTrysToCheck@@YAPBU_s_TryBlockMapEntry@@PBU_s_FuncInfo@@HHPAI1@Z 0040ea81 f   libvcruntime:trnsctrl.obj
 0001:0000daf9       ?_JumpToContinuation@@YGXPAXPAUEHRegistrationNode@@@Z 0040eaf9 f   libvcruntime:trnsctrl.obj
 0001:0000db2b       ?_UnwindNestedFrames@@YGXPAUEHRegistrationNode@@PAUEHExceptionRecord@@@Z 0040eb2b f   libvcruntime:trnsctrl.obj
 0001:0000db80       __CatchGuardHandler        0040eb80 f   libvcruntime:trnsctrl.obj
 0001:0000dbb1       __CreateFrameInfo          0040ebb1 f   libvcruntime:trnsctrl.obj
 0001:0000dbd5       __FindAndUnlinkFrame       0040ebd5 f   libvcruntime:trnsctrl.obj
 0001:0000dc1f       __IsExceptionObjectToBeDestroyed 0040ec1f f   libvcruntime:trnsctrl.obj
 0001:0000dc45       __TranslatorGuardHandler   0040ec45 f   libvcruntime:trnsctrl.obj
 0001:0000dce4       ___CxxFrameHandler3        0040ece4 f   libvcruntime:trnsctrl.obj
 0001:0000dd20       _memcpy                    0040ed20 f   libvcruntime:memcpy.obj
 0001:0000e2a0       _memset                    0040f2a0 f   libvcruntime:memset.obj
 0001:0000e400       _memchr                    0040f400 f   libvcruntime:memchr.obj
 0001:0000e4ad       _memcmp                    0040f4ad f   libvcruntime:_memcmp_.obj
 0001:0000fc2d       ___vcrt_initialize         00410c2d f   libvcruntime:initialization.obj
 0001:0000fc56       ___vcrt_uninitialize       00410c56 f   libvcruntime:initialization.obj
 0001:0000fcc0       __except_handler4          00410cc0 f   libvcruntime:_chandler4_.obj
 0001:0000fe26       ??$__crt_fast_encode_pointer@PAX@@YAPAXQAX@Z 00410e26 f i libvcruntime:winapi_downlevel.obj
 0001:0000fe26       ??$__crt_fast_encode_pointer@P6GHPAU_RTL_CONDITION_VARIABLE@@PAU_RTL_CRITICAL_SECTION@@K@Z@@YAP6GHPAU_RTL_CONDITION_VARIABLE@@PAU_RTL_CRITICAL_SECTION@@K@ZQ6GH01K@Z@Z 00410e26 f i LIBCMT:thread_safe_statics.obj
 0001:0000fe26       ??$__crt_fast_encode_pointer@PAP6AXXZ@@YAPAP6AXXZQAP6AXXZ@Z 00410e26 f i LIBCMT:utility.obj
 0001:0000fe26       ??$__crt_fast_encode_pointer@P6GXPAU_RTL_CONDITION_VARIABLE@@@Z@@YAP6GXPAU_RTL_CONDITION_VARIABLE@@@ZQ6GX0@Z@Z 00410e26 f i LIBCMT:thread_safe_statics.obj
 0001:0000ff64       ___vcrt_FlsAlloc           00410f64 f   libvcruntime:winapi_downlevel.obj
 0001:0000ff9e       ___vcrt_FlsFree            00410f9e f   libvcruntime:winapi_downlevel.obj
 0001:0000ffd8       ___vcrt_FlsGetValue        00410fd8 f   libvcruntime:winapi_downlevel.obj
 0001:00010012       ___vcrt_FlsSetValue        00411012 f   libvcruntime:winapi_downlevel.obj
 0001:0001004f       ___vcrt_InitializeCriticalSectionEx 0041104f f   libvcruntime:winapi_downlevel.obj
 0001:00010095       ___vcrt_initialize_winapi_thunks 00411095 f   libvcruntime:winapi_downlevel.obj
 0001:000100cf       ___vcrt_uninitialize_winapi_thunks 004110cf f   libvcruntime:winapi_downlevel.obj
 0001:00010101       ___std_type_info_compare   00411101 f   libvcruntime:std_type_info.obj
 0001:0001013d       ___vcrt_initialize_pure_virtual_call_handler 0041113d f   libvcruntime:purevirt_data.obj
 0001:0001015a       _unexpected                0041115a f   libvcruntime:unexpected.obj
 0001:00010176       ___vcrt_freefls@4          00411176 f   libvcruntime:per_thread_data.obj
 0001:00010192       ___vcrt_getptd             00411192 f   libvcruntime:per_thread_data.obj
 0001:000101a0       ___vcrt_getptd_noexit      004111a0 f   libvcruntime:per_thread_data.obj
 0001:00010232       ___vcrt_initialize_ptd     00411232 f   libvcruntime:per_thread_data.obj
 0001:00010265       ___vcrt_uninitialize_ptd   00411265 f   libvcruntime:per_thread_data.obj
 0001:00010280       __CallSettingFrame@12      00411280 f   libvcruntime:lowhelpr.obj
 0001:000102a7       __NLG_Return               004112a7     libvcruntime:lowhelpr.obj
 0001:000102cc       ___vcrt_initialize_locks   004112cc f   libvcruntime:locks.obj
 0001:00010308       ___vcrt_uninitialize_locks 00411308 f   libvcruntime:locks.obj
 0001:00010340       __local_unwind4            00411340 f   libvcruntime:_exsup4_.obj
 0001:00010416       __seh_longjmp_unwind4@4    00411416 f   libvcruntime:_exsup4_.obj
 0001:0001043e       @_EH4_CallFilterFunc@8     0041143e f   libvcruntime:_exsup4_.obj
 0001:00010455       @_EH4_TransferToHandler@8  00411455 f   libvcruntime:_exsup4_.obj
 0001:0001046e       @_EH4_GlobalUnwind2@8      0041146e f   libvcruntime:_exsup4_.obj
 0001:00010487       @_EH4_LocalUnwind@16       00411487 f   libvcruntime:_exsup4_.obj
 0001:000104a0       __global_unwind2           004114a0 f   libvcruntime:_exsup_.obj
 0001:00010505       __local_unwind2            00411505 f   libvcruntime:_exsup_.obj
 0001:00010589       __abnormal_termination     00411589 f   libvcruntime:_exsup_.obj
 0001:000105ac       __NLG_Notify1              004115ac f   libvcruntime:_exsup_.obj
 0001:000105b5       __NLG_Notify               004115b5 f   libvcruntime:_exsup_.obj
 0001:000105cc       __NLG_Dispatch2            004115cc     libvcruntime:_exsup_.obj
 0001:000105cc       __NLG_Dispatch             004115cc     libvcruntime:_exsup_.obj
 0001:000105d4       __NLG_Call                 004115d4 f   libvcruntime:_exsup_.obj
 0001:000105d6       __NLG_Return2              004115d6     libvcruntime:_exsup_.obj
 0001:000105d7       ___acrt_call_reportfault   004115d7 f   libucrt:invalid_parameter.obj
 0001:00010712       ___acrt_initialize_invalid_parameter_handler 00411712 f   libucrt:invalid_parameter.obj
 0001:00010721       __invalid_parameter        00411721 f   libucrt:invalid_parameter.obj
 0001:0001079c       __invalid_parameter_noinfo 0041179c f   libucrt:invalid_parameter.obj
 0001:000107ac       __invalid_parameter_noinfo_noreturn 004117ac f   libucrt:invalid_parameter.obj
 0001:000107c9       __invoke_watson            004117c9 f   libucrt:invalid_parameter.obj
 0001:000107fc       _frexp                     004117fc f   libucrt:frexp.obj
 0001:000108f8       _calloc                    004118f8 f   libucrt:calloc.obj
 0001:00010903       _free                      00411903 f   libucrt:free.obj
 0001:00010b18       ??$count@D@formatting_buffer@__crt_stdio_output@@QBEIXZ 00411b18 f i libucrt:output.obj
 0001:00010b30       ??$ensure_buffer_is_big_enough@D@formatting_buffer@__crt_stdio_output@@QAE_NI@Z 00411b30 f i libucrt:output.obj
 0001:00010bb6       ??$is_wide_character_specifier@D@__crt_stdio_output@@YA_N_KDW4length_modifier@0@@Z 00411bb6 f i libucrt:output.obj
 0001:00010bf6       ??$scratch_data@D@formatting_buffer@__crt_stdio_output@@QAEPADXZ 00411bf6 f i libucrt:output.obj
 0001:00010c14       ??$type_case_integer_parse_into_buffer@I@?$output_processor@DV?$string_output_adapter@D@__crt_stdio_output@@V?$format_validation_base@DV?$string_output_adapter@D@__crt_stdio_output@@@2@@__crt_stdio_output@@AAEXII_N@Z 00411c14 f i libucrt:output.obj
 0001:00010c86       ??$type_case_integer_parse_into_buffer@_K@?$output_processor@DV?$string_output_adapter@D@__crt_stdio_output@@V?$format_validation_base@DV?$string_output_adapter@D@__crt_stdio_output@@@2@@__crt_stdio_output@@AAEX_KI_N@Z 00411c86 f i libucrt:output.obj
 0001:00010d0d       ??$write_multiple_characters@V?$string_output_adapter@D@__crt_stdio_output@@D@__crt_stdio_output@@YAXABV?$string_output_adapter@D@0@DHQAH@Z 00411d0d f i libucrt:output.obj
 0001:00010d39       ??0?$common_data@D@__crt_stdio_output@@IAE@XZ 00411d39 f i libucrt:output.obj
 0001:00010d80       ??0?$output_adapter_data@DV?$string_output_adapter@D@__crt_stdio_output@@@__crt_stdio_output@@IAE@ABV?$string_output_adapter@D@1@_KQBDQAU__crt_locale_pointers@@QAD@Z 00411d80 f i libucrt:output.obj
 0001:00010dbc       ??0_LocaleUpdate@@QAE@QAU__crt_locale_pointers@@@Z 00411dbc f i libucrt:output.obj
 0001:00010e3f       ??1formatting_buffer@__crt_stdio_output@@QAE@XZ 00411e3f f i libucrt:output.obj
 0001:00010e59       ??4?$__crt_unique_heap_ptr@DU__crt_internal_free_policy@@@@QAEAAV0@$$QAV0@@Z 00411e59 f i libucrt:output.obj
 0001:00010e7d       ?crop_zeroes@__crt_stdio_output@@YAXPADQAU__crt_locale_pointers@@@Z 00411e7d f i libucrt:output.obj
 0001:00010ed4       ?find_next_state@?$output_processor@DV?$string_output_adapter@D@__crt_stdio_output@@V?$format_validation_base@DV?$string_output_adapter@D@__crt_stdio_output@@@2@@__crt_stdio_output@@ABE?AW4state@2@DW432@@Z 00411ed4 f i libucrt:output.obj
 0001:00010f09       ?force_decimal_point@__crt_stdio_output@@YAXPADQAU__crt_locale_pointers@@@Z 00411f09 f i libucrt:output.obj
 0001:00010f65       ?parse_int_from_format_string@?$output_processor@DV?$string_output_adapter@D@__crt_stdio_output@@V?$format_validation_base@DV?$string_output_adapter@D@__crt_stdio_output@@@2@@__crt_stdio_output@@AAE_NQAH@Z 00411f65 f i libucrt:output.obj
 0001:00010fdd       ?process@?$output_processor@DV?$string_output_adapter@D@__crt_stdio_output@@V?$format_validation_base@DV?$string_output_adapter@D@__crt_stdio_output@@@2@@__crt_stdio_output@@QAEHXZ 00411fdd f i libucrt:output.obj
 0001:00011105       ?state_case_flag@?$output_processor@DV?$string_output_adapter@D@__crt_stdio_output@@V?$format_validation_base@DV?$string_output_adapter@D@__crt_stdio_output@@@2@@__crt_stdio_output@@AAE_NXZ 00412105 f i libucrt:output.obj
 0001:00011142       ?state_case_normal@?$output_processor@DV?$string_output_adapter@D@__crt_stdio_output@@V?$format_validation_base@DV?$string_output_adapter@D@__crt_stdio_output@@@2@@__crt_stdio_output@@AAE_NXZ 00412142 f i libucrt:output.obj
 0001:00011161       ?state_case_normal_common@?$output_processor@DV?$string_output_adapter@D@__crt_stdio_output@@V?$format_validation_base@DV?$string_output_adapter@D@__crt_stdio_output@@@2@@__crt_stdio_output@@AAE_NXZ 00412161 f i libucrt:output.obj
 0001:0001118b       ?state_case_normal_tchar@?$output_processor@DV?$string_output_adapter@D@__crt_stdio_output@@V?$format_validation_base@DV?$string_output_adapter@D@__crt_stdio_output@@@2@@__crt_stdio_output@@AAE_ND@Z 0041218b f i libucrt:output.obj
 0001:000111ec       ?state_case_precision@?$output_processor@DV?$string_output_adapter@D@__crt_stdio_output@@V?$format_validation_base@DV?$string_output_adapter@D@__crt_stdio_output@@@2@@__crt_stdio_output@@AAE_NXZ 004121ec f i libucrt:output.obj
 0001:00011214       ?state_case_size@?$output_processor@DV?$string_output_adapter@D@__crt_stdio_output@@V?$format_validation_base@DV?$string_output_adapter@D@__crt_stdio_output@@@2@@__crt_stdio_output@@AAE_NXZ 00412214 f i libucrt:output.obj
 0001:0001137d       ?state_case_type@?$output_processor@DV?$string_output_adapter@D@__crt_stdio_output@@V?$format_validation_base@DV?$string_output_adapter@D@__crt_stdio_output@@@2@@__crt_stdio_output@@AAE_NXZ 0041237d f i libucrt:output.obj
 0001:000115ad       ?state_case_width@?$output_processor@DV?$string_output_adapter@D@__crt_stdio_output@@V?$format_validation_base@DV?$string_output_adapter@D@__crt_stdio_output@@@2@@__crt_stdio_output@@AAE_NXZ 004125ad f i libucrt:output.obj
 0001:000115d8       ?to_integer_size@__crt_stdio_output@@YAIW4length_modifier@1@@Z 004125d8 f i libucrt:output.obj
 0001:00011634       ?type_case_Z@?$output_processor@DV?$string_output_adapter@D@__crt_stdio_output@@V?$format_validation_base@DV?$string_output_adapter@D@__crt_stdio_output@@@2@@__crt_stdio_output@@AAE_NXZ 00412634 f i libucrt:output.obj
 0001:00011697       ?type_case_a@?$output_processor@DV?$string_output_adapter@D@__crt_stdio_output@@V?$format_validation_base@DV?$string_output_adapter@D@__crt_stdio_output@@@2@@__crt_stdio_output@@AAE_NXZ 00412697 f i libucrt:output.obj
 0001:000117f1       ?type_case_c_tchar@?$output_processor@DV?$string_output_adapter@D@__crt_stdio_output@@V?$format_validation_base@DV?$string_output_adapter@D@__crt_stdio_output@@@2@@__crt_stdio_output@@AAE_ND@Z 004127f1 f i libucrt:output.obj
 0001:00011881       ?type_case_integer@?$output_processor@DV?$string_output_adapter@D@__crt_stdio_output@@V?$format_validation_base@DV?$string_output_adapter@D@__crt_stdio_output@@@2@@__crt_stdio_output@@AAE_NI_N@Z 00412881 f i libucrt:output.obj
 0001:000119cf       ?type_case_n@?$output_processor@DV?$string_output_adapter@D@__crt_stdio_output@@V?$format_validation_base@DV?$string_output_adapter@D@__crt_stdio_output@@@2@@__crt_stdio_output@@AAE_NXZ 004129cf f i libucrt:output.obj
 0001:00011a43       ?type_case_o@?$output_processor@DV?$string_output_adapter@D@__crt_stdio_output@@V?$format_validation_base@DV?$string_output_adapter@D@__crt_stdio_output@@@2@@__crt_stdio_output@@AAE_NXZ 00412a43 f i libucrt:output.obj
 0001:00011a62       ?type_case_p@?$output_processor@DV?$string_output_adapter@D@__crt_stdio_output@@V?$format_validation_base@DV?$string_output_adapter@D@__crt_stdio_output@@@2@@__crt_stdio_output@@AAE_NXZ 00412a62 f i libucrt:output.obj
 0001:00011a7a       ?type_case_s@?$output_processor@DV?$string_output_adapter@D@__crt_stdio_output@@V?$format_validation_base@DV?$string_output_adapter@D@__crt_stdio_output@@@2@@__crt_stdio_output@@AAE_NXZ 00412a7a f i libucrt:output.obj
 0001:00011aed       ?validate_and_update_state_at_end_of_format_string@?$format_validation_base@DV?$string_output_adapter@D@__crt_stdio_output@@@__crt_stdio_output@@IBE_NXZ 00412aed f i libucrt:output.obj
 0001:00011b0f       ?write_character@?$string_output_adapter@D@__crt_stdio_output@@QBE_NDQAH@Z 00412b0f f i libucrt:output.obj
 0001:00011b51       ?write_stored_string_tchar@?$output_processor@DV?$string_output_adapter@D@__crt_stdio_output@@V?$format_validation_base@DV?$string_output_adapter@D@__crt_stdio_output@@@2@@__crt_stdio_output@@AAE_ND@Z 00412b51 f i libucrt:output.obj
 0001:00011bfa       ?write_string@?$string_output_adapter@D@__crt_stdio_output@@QBEXQBDHQAHAAV__crt_deferred_errno_cache@@@Z 00412bfa f i libucrt:output.obj
 0001:00011c61       ___stdio_common_vsprintf_s 00412c61 f   libucrt:output.obj
 0001:00011c85       _wcsncmp                   00412c85 f   libucrt:wcsncmp.obj
 0001:00011cc0       _strcspn                   00412cc0 f   libucrt:strcspn.obj
 0001:00011d06       _localeconv                00412d06 f   libucrt:localeconv.obj
 0001:00011d30       ___acrt_errno_from_os_error 00412d30 f   libucrt:errno.obj
 0001:00011d73       ___acrt_errno_map_os_error 00412d73 f   libucrt:errno.obj
 0001:00011d96       ___doserrno                00412d96 f   libucrt:errno.obj
 0001:00011da9       __errno                    00412da9 f   libucrt:errno.obj
 0001:00011dbc       _rand                      00412dbc f   libucrt:rand.obj
 0001:00011ddd       _srand                     00412ddd f   libucrt:rand.obj
 0001:00011def       ___acrt_initialize_stdio   00412def f   libucrt:_file.obj
 0001:00011eb7       ___acrt_iob_func           00412eb7 f   libucrt:_file.obj
 0001:00011ec7       ___acrt_uninitialize_stdio 00412ec7 f   libucrt:_file.obj
 0001:00011f13       __get_stream_buffer_pointers 00412f13 f   libucrt:_file.obj
 0001:00011f59       __lock_file                00412f59 f   libucrt:_file.obj
 0001:00011f6d       __unlock_file              00412f6d f   libucrt:_file.obj
 0001:00011f81       __fclose_nolock            00412f81 f   libucrt:fclose.obj
 0001:00011ff7       _fclose                    00412ff7 f   libucrt:fclose.obj
 0001:00012077       ??$?RV<lambda_2866be3712abc81a800a822484c830d8>@@AAV<lambda_39ca0ed439415581b5b15c265174cece>@@V<lambda_2b24c74d71094a6cd0cb82e44167d71b>@@@?$__crt_seh_guarded_call@X@@QAEX$$QAV<lambda_2866be3712abc81a800a822484c830d8>@@AAV<lambda_39ca0ed439415581b5b15c265174cece>@@$$QAV<lambda_2b24c74d71094a6cd0cb82e44167d71b>@@@Z 00413077 f i libucrt:fflush.obj
 0001:000120f8       ??$?RV<lambda_2cc53f568c5a2bb6f192f930a45d44ea>@@AAV<lambda_ab61a845afdef5b7c387490eaf3616ee>@@V<lambda_c2ffc0b7726aa6be21d5f0026187e748>@@@?$__crt_seh_guarded_call@X@@QAEX$$QAV<lambda_2cc53f568c5a2bb6f192f930a45d44ea>@@AAV<lambda_ab61a845afdef5b7c387490eaf3616ee>@@$$QAV<lambda_c2ffc0b7726aa6be21d5f0026187e748>@@@Z 004130f8 f i libucrt:fflush.obj
 0001:0001218b       ??$?RV<lambda_6d20deecaf4856105ebacbad442d1079>@@AAV<lambda_9a32fed5bf61b6b509b2d3f6003082a1>@@V<lambda_63ea2239ed67c638ddbae41947fdf875>@@@?$__crt_seh_guarded_call@H@@QAEH$$QAV<lambda_6d20deecaf4856105ebacbad442d1079>@@AAV<lambda_9a32fed5bf61b6b509b2d3f6003082a1>@@$$QAV<lambda_63ea2239ed67c638ddbae41947fdf875>@@@Z 0041318b f i libucrt:fflush.obj
 0001:000121e1       ??$__acrt_lock_and_call@V<lambda_ab61a845afdef5b7c387490eaf3616ee>@@@@YAXW4__acrt_lock_id@@$$QAV<lambda_ab61a845afdef5b7c387490eaf3616ee>@@@Z 004131e1 f i libucrt:fflush.obj
 0001:00012209       ??$__acrt_lock_stream_and_call@V<lambda_39ca0ed439415581b5b15c265174cece>@@@@YAXQAU_iobuf@@$$QAV<lambda_39ca0ed439415581b5b15c265174cece>@@@Z 00413209 f i libucrt:fflush.obj
 0001:00012231       ??$__acrt_lock_stream_and_call@V<lambda_9a32fed5bf61b6b509b2d3f6003082a1>@@@@YAHQAU_iobuf@@$$QAV<lambda_9a32fed5bf61b6b509b2d3f6003082a1>@@@Z 00413231 f i libucrt:fflush.obj
 0001:000122ed       ___acrt_stdio_flush_nolock 004132ed f   libucrt:fflush.obj
 0001:00012350       __fflush_nolock            00413350 f   libucrt:fflush.obj
 0001:00012397       __flushall                 00413397 f   libucrt:fflush.obj
 0001:000123a0       _fflush                    004133a0 f   libucrt:fflush.obj
 0001:000123e3       __fgetc_nolock             004133e3 f   libucrt:fgetc.obj
 0001:0001241f       __getc_nolock              0041341f f   libucrt:fgetc.obj
 0001:0001242a       _fgetc                     0041342a f   libucrt:fgetc.obj
 0001:0001252c       _fgetpos                   0041352c f   libucrt:fgetpos.obj
 0001:00012587       __fputc_nolock             00413587 f   libucrt:fputc.obj
 0001:000125b0       _fputc                     004135b0 f   libucrt:fputc.obj
 0001:000126b4       _fsetpos                   004136b4 f   libucrt:fsetpos.obj
 0001:000126ef       ?LongLongSub@@YAJ_J0PA_J@Z 004136ef f i libucrt:fseek.obj
 0001:000129a9       __fseeki64                 004139a9 f   libucrt:fseek.obj
 0001:000129c4       _fseek                     004139c4 f   libucrt:fseek.obj
 0001:000129df       ??$?RV<lambda_cd3bfd923e8d1349099e544c97b1bd8e>@@AAV<lambda_54dcfcba6f8e0c549fa430f4d53fb7dd>@@V<lambda_5e1d0fa2aa2b73b187bf8b7e1d30c7f8>@@@?$__crt_seh_guarded_call@I@@QAEI$$QAV<lambda_cd3bfd923e8d1349099e544c97b1bd8e>@@AAV<lambda_54dcfcba6f8e0c549fa430f4d53fb7dd>@@$$QAV<lambda_5e1d0fa2aa2b73b187bf8b7e1d30c7f8>@@@Z 004139df f i libucrt:fwrite.obj
[...]
 0002:0000ee70       __sehtable$??$?RV<lambda_38edbb1296d33220d7e4dd0ed76b244a>@@AAV<lambda_5ce1d447e08cb34b2473517608e21441>@@V<lambda_fb385d3da700c9147fc39e65dd577a8c>@@@?$__crt_seh_guarded_call@X@@QAEX$$QAV<lambda_38edbb1296d33220d7e4dd0ed76b244a>@@AAV<lambda_5ce1d447e08cb34b2473517608e21441>@@$$QAV<lambda_fb385d3da700c9147fc39e65dd577a8c>@@@Z 00438e70     libucrt:per_thread_data.obj
 0002:0000ee90       __sehtable$??$?RV<lambda_6affb1475c98b40b75cdec977db92e3c>@@AAV<lambda_b8d4b9c228a6ecc3f80208dbb4b4a104>@@V<lambda_608742c3c92a14382c1684fc64f96c88>@@@?$__crt_seh_guarded_call@X@@QAEX$$QAV<lambda_6affb1475c98b40b75cdec977db92e3c>@@AAV<lambda_b8d4b9c228a6ecc3f80208dbb4b4a104>@@$$QAV<lambda_608742c3c92a14382c1684fc64f96c88>@@@Z 00438e90     libucrt:per_thread_data.obj
 0002:0000eeb0       __sehtable$___set_fpsr_sse2 00438eb0     libucrt:fpctrl.obj
 0002:0000eed0       __sehtable$___acrt_initialize_lowio 00438ed0     libucrt:ioinit.obj
 0002:0000eef0       __sehtable$??$?RV<lambda_93797fb4802c957ba6a7f08e1250235b>@@AAV<lambda_1f3ce6bd48e0aa2e72a71c02eee379d3>@@V<lambda_56cae30c9364c9b6c15aeaac05d0418e>@@@?$__crt_seh_guarded_call@H@@QAEH$$QAV<lambda_93797fb4802c957ba6a7f08e1250235b>@@AAV<lambda_1f3ce6bd48e0aa2e72a71c02eee379d3>@@$$QAV<lambda_56cae30c9364c9b6c15aeaac05d0418e>@@@Z 00438ef0     libucrt:winapi_thunks.obj
 0002:0000ef10       __sehtable$__fcloseall     00438f10     libucrt:closeall.obj
 0002:0000ef30       __sehtable$??$?RV<lambda_218ce3db14220d0be481dae8ef3383b6>@@AAV<lambda_628dfdc04ba53c8bfc02c9951375f3f5>@@V<lambda_57dc472bd5c9d5f3b2cbca59b8a843ae>@@@?$__crt_seh_guarded_call@H@@QAEH$$QAV<lambda_218ce3db14220d0be481dae8ef3383b6>@@AAV<lambda_628dfdc04ba53c8bfc02c9951375f3f5>@@$$QAV<lambda_57dc472bd5c9d5f3b2cbca59b8a843ae>@@@Z 00438f30     libucrt:close.obj
 0002:0000ef50       __sehtable$?__acrt_stdio_allocate_stream@@YA?AV__crt_stdio_stream@@XZ 00438f50     libucrt:stream.obj
 0002:0000ef70       __sehtable$??$?RV<lambda_9e9de3de5fa147e2223d7db92bc10aa6>@@AAV<lambda_38ce7e780aa69e748d6df282ebc68efe>@@V<lambda_8ca6da459f0f6780f1cff60fdc3d00e5>@@@?$__crt_seh_guarded_call@H@@QAEH$$QAV<lambda_9e9de3de5fa147e2223d7db92bc10aa6>@@AAV<lambda_38ce7e780aa69e748d6df282ebc68efe>@@$$QAV<lambda_8ca6da459f0f6780f1cff60fdc3d00e5>@@@Z 00438f70     libucrt:commit.obj
 0002:0000ef90       __sehtable$__write         00438f90     libucrt:write.obj
 0002:0000efb0       __sehtable$??$common_ftell@_J@@YA_JV__crt_stdio_stream@@@Z 00438fb0     libucrt:ftell.obj
 0002:0000efd0       __sehtable$??$common_lseek@_J@@YA_JH_JH@Z 00438fd0     libucrt:lseek.obj
 0002:0000eff0       __sehtable$_raise          00438ff0     libucrt:signal.obj
 0002:0000f010       __sehtable$??$?RV<lambda_cbab9ec6f41b0180b23cc171c22676b0>@@AAV<lambda_44731a7d0e6d81c3e6aa82d741081786>@@V<lambda_4b292cb8dd18144e164572427af410ab>@@@?$__crt_seh_guarded_call@P6AXH@Z@@QAEP6AXH@Z$$QAV<lambda_cbab9ec6f41b0180b23cc171c22676b0>@@AAV<lambda_44731a7d0e6d81c3e6aa82d741081786>@@$$QAV<lambda_4b292cb8dd18144e164572427af410ab>@@@Z 00439010     libucrt:signal.obj
 0002:0000f030       __sehtable$?update_thread_multibyte_data_internal@@YAPAU__crt_multibyte_data@@QAU__acrt_ptd@@QAU1@@Z 00439030     libucrt:mbctype.obj
 0002:0000f050       __sehtable$??$?RV<lambda_ceb1ee4838e85a9d631eb091e2fbe199>@@AAV<lambda_ae742caa10f662c28703da3d2ea5e57e>@@V<lambda_cd08b5d6af4937fe54fc07d0c9bf6b37>@@@?$__crt_seh_guarded_call@X@@QAEX$$QAV<lambda_ceb1ee4838e85a9d631eb091e2fbe199>@@AAV<lambda_ae742caa10f662c28703da3d2ea5e57e>@@$$QAV<lambda_cd08b5d6af4937fe54fc07d0c9bf6b37>@@@Z 00439050     libucrt:mbctype.obj
 0002:0000f070       __sehtable$__alloc_osfhnd  00439070     libucrt:osfinfo.obj
 0002:0000f090       __sehtable$___acrt_lowio_ensure_fh_exists 00439090     libucrt:osfinfo.obj
 0002:0000f0b0       __sehtable$___acrt_update_thread_locale_data 004390b0     libucrt:locale_refcounting.obj
 0002:0000f0d0       __sehtable$__read          004390d0     libucrt:read.obj
 0002:0000f0f0       __sehtable$??$common_sopen_dispatch@_W@@YAHQB_WHHHQAHH@Z 004390f0     libucrt:open.obj
 0002:0000f110       __sehtable$__IsNonwritableInCurrentImage 00439110     LIBCMT:pesect.obj
 0002:0000f2ce       .idata$6                   004392ce     Shell32:SHELL32.dll
 0002:0000f612       .idata$6                   00439612     kernel32:KERNEL32.dll
 0003:00000000       ?init@std@@3JA             0043a000     libcpmt:xlock.obj
 0003:00000008       ?atcount_cdecl@@3IA        0043a008     libcpmt:iosptrs.obj
 0003:000000a0       ?__vcrt_flsindex@@3KA      0043a0a0     libvcruntime:per_thread_data.obj
 0003:0000011c       ?errno_no_memory@@3HA      0043a11c     libucrt:errno.obj
 0003:00000120       ?doserrno_no_memory@@3KA   0043a120     libucrt:errno.obj
 0003:000001e0       __ctype_loc_style          0043a1e0     libucrt:wsetlocale.obj
 0003:000001e4       ?__acrt_flsindex@@3KA      0043a1e4     libucrt:per_thread_data.obj
 0003:000001e8       ?__DAZ_ENABLED@?1??__set_fpsr_sse2@@9@9 0043a1e8     libucrt:fpctrl.obj
 0003:000002f0       ?tzstd_program@@3PADA      0043a2f0     libucrt:timeset.obj
 0003:00000330       ?tzdst_program@@3PADA      0043a330     libucrt:timeset.obj
 0003:00000370       ?tzname_states@@3PAY01PADA 0043a370     libucrt:timeset.obj
 0003:00000378       __mbctypes                 0043a378     libucrt:mbctype.obj
 0003:00000480       __mbcasemaps               0043a480     libucrt:mbctype.obj
 0003:00000580       ?__rgctypeflag@@3PADA      0043a580     libucrt:mbctype.obj
 0003:00000588       ?__rgcode_page_info@@3PAUcode_page_info@@A 0043a588     libucrt:mbctype.obj
 0003:0000108c       ?sStartTag@@3V?$basic_string@DU?$char_traits@D@std@@V?$allocator@D@2@@std@@A 0043b08c     StringScanner.cpp.obj
 0003:000010a4       ?sEndTag@@3V?$basic_string@DU?$char_traits@D@std@@V?$allocator@D@2@@std@@A 0043b0a4     StringScanner.cpp.obj
 0003:000010bc       ?sWEndTag@@3V?$basic_string@_WU?$char_traits@_W@std@@V?$allocator@_W@2@@std@@A 0043b0bc     StringScanner.cpp.obj
 0003:000010d4       ?sWStartTag@@3V?$basic_string@_WU?$char_traits@_W@std@@V?$allocator@_W@2@@std@@A 0043b0d4     StringScanner.cpp.obj
 0003:00001100       ?initlocks@std@@3V_Init_locks@1@A 0043b100     libcpmt:xlock.obj
 0003:00001108       ?mtx@std@@3PAU_RTL_CRITICAL_SECTION@@A 0043b108     libcpmt:xlock.obj
 0003:000011d0       _global_locale             0043b1d0     libcpmt:locale0.obj
 0003:000011d4       ?_Fac_head@std@@3PAU_Fac_node@1@A 0043b1d4     libcpmt:locale0.obj
 0003:000011ec       ?classic_locale@std@@3Vlocale@1@A 0043b1ec     libcpmt:locale0.obj
 0003:000011f4       ?_Fac_tidy_reg@std@@3U_Fac_tidy_reg_t@1@B 0043b1f4     libcpmt:locale0.obj
 0003:000011f5       ?registered@?1??_Setgloballocale@locale@std@@CAXPAX@Z@4_NA 0043b1f5     libcpmt:locale0.obj
 0003:000011f8       ?initlocks@@3V_Init_locks@std@@A 0043b1f8     libcpmt:cout.obj
 0003:000011f9       ?init_cout@std@@3U_Init_cout@1@A 0043b1f9     libcpmt:cout.obj
 0003:00001250       ?fout@std@@3V?$basic_filebuf@DU?$char_traits@D@std@@@1@A 0043b250     libcpmt:cout.obj
 0003:000012a8       ?initlocks@@3V_Init_locks@std@@A 0043b2a8     libcpmt:wcout.obj
 0003:000012a9       ?init_wcout@std@@3U_Init_wcout@1@A 0043b2a9     libcpmt:wcout.obj
 0003:00001300       ?wfout@std@@3V?$basic_filebuf@_WU?$char_traits@_W@std@@@1@A 0043b300     libcpmt:wcout.obj
 0003:00001368       ?stdstr@std@@3PAPAVios_base@1@A 0043b368     libcpmt:ios.obj
 0003:00001390       ?stdopens@std@@3PADA       0043b390     libcpmt:ios.obj
 0003:000013bc       ?atfuns_cdecl@@3PAP6AXXZA  0043b3bc     libcpmt:iosptrs.obj
 0003:000013e4       ?initlocks@std@@3V_Init_locks@1@A 0043b3e4     libcpmt:iosptrs.obj
 0003:000013e5       ?init_atexit@@3U_Init_atexit@@A 0043b3e5     libcpmt:iosptrs.obj
 0003:00001510       ?module_local_atexit_table@@3U_onexit_table_t@@A 0043b510     LIBCMT:utility.obj
 0003:0000151c       ?module_local_at_quick_exit_table@@3U_onexit_table_t@@A 0043b51c     LIBCMT:utility.obj
 0003:00001528       ?is_initialized_as_dll@@3_NA 0043b528     LIBCMT:utility.obj
 0003:0000152c       ?_Tss_mutex@@3U_RTL_CRITICAL_SECTION@@A 0043b52c     LIBCMT:thread_safe_statics.obj
 0003:00001544       ?_Tss_cv@@3U_RTL_CONDITION_VARIABLE@@A 0043b544     LIBCMT:thread_safe_statics.obj
 0003:00001548       ?_Tss_event@@3PAXA         0043b548     LIBCMT:thread_safe_statics.obj
 0003:0000154c       ?encoded_sleep_condition_variable_cs@@3P6GHPAU_RTL_CONDITION_VARIABLE@@PAU_RTL_CRITICAL_SECTION@@K@ZA 0043b54c     LIBCMT:thread_safe_statics.obj
 0003:00001550       ?encoded_wake_all_condition_variable@@3P6GXPAU_RTL_CONDITION_VARIABLE@@@ZA 0043b550     LIBCMT:thread_safe_statics.obj
 0003:00001568       _GS_ExceptionRecord        0043b568     LIBCMT:gs_report.obj
 0003:000015b8       _GS_ContextRecord          0043b5b8     LIBCMT:gs_report.obj
 0003:0000189c       ?module_handles@@3PAPAUHINSTANCE__@@A 0043b89c     libvcruntime:winapi_downlevel.obj
 0003:000018ac       ?encoded_function_pointers@@3PAPAXA 0043b8ac     libvcruntime:winapi_downlevel.obj
 0003:000018d4       ?__vcrt_startup_thread_ptd@@3U__vcrt_ptd@@A 0043b8d4     libvcruntime:per_thread_data.obj
 0003:000018fc       ___vcrt_lock_table         0043b8fc     libvcruntime:locks.obj
 0003:00001914       ___vcrt_locks_initialized  0043b914     libvcruntime:locks.obj
 0003:00001940       ?heap@@3V_HeapManager@@A   0043b940     libvcruntime:undname.obj
 0003:00001954       ?__acrt_invalid_parameter_handler@@3V?$dual_state_global@P6AXPB_W00II@Z@__crt_state_management@@A 0043b954     libucrt:invalid_parameter.obj
 0003:00001970       ?source_frequency@@3_JA    0043b970     libucrt:clock.obj
 0003:00001978       ?start_count@@3_JA         0043b978     libucrt:clock.obj
 0003:00001980       ?__acrt_lock_table@@3PAU_RTL_CRITICAL_SECTION@@A 0043b980     libucrt:locks.obj
 0003:00001ad0       ?__acrt_locks_initialized@@3IA 0043bad0     libucrt:locks.obj
 0003:00001ad4       ?__acrt_new_handler@@3V?$dual_state_global@P6AHI@Z@__crt_state_management@@A 0043bad4     libucrt:new_handler.obj
 0003:00001ad8       ?c_termination_complete@@3JA 0043bad8     libucrt:exit.obj
 0003:00001adc       ?thread_local_exit_callback_func@@3P6GXPAXK0@ZA 0043badc     libucrt:exit.obj
 0003:00001ae8       ?program_name@?1???$common_configure_argv@D@@YAHW4_crt_argv_mode@@@Z@4PADA 0043bae8     libucrt:argv_parsing.obj
 0003:00001c18       ?__acrt_app_type@@3W4_crt_app_type@@A 0043bc18     libucrt:report_runtime_error.obj
 0003:00001c1c       ?user_matherr@@3V?$dual_state_global@P6AHPAU_exception@@@Z@__crt_state_management@@A 0043bc1c     libucrt:matherr.obj
 0003:00001c3c       ?__acrt_global_new_mode@@3V?$dual_state_global@J@__crt_state_management@@A 0043bc3c     libucrt:new_mode.obj
 0003:00001c44       ?enable_percent_n@@3IA     0043bc44     libucrt:printf_count_output.obj
 0003:00001e60       ?module_handles@@3PAPAUHINSTANCE__@@A 0043be60     libucrt:winapi_thunks.obj
 0003:00001eb0       ?encoded_function_pointers@@3PAPAXA 0043beb0     libucrt:winapi_thunks.obj
 0003:00001f38       ?static_enum_proc@?1??enum_system_locales_ex_nolock@@YAHQ6GHPA_WKJ@Z@Z@4P6GH0KJ@ZA 0043bf38     libucrt:winapi_thunks.obj
 0003:00001f40       ?ctrlc_action@@3V?$dual_state_global@P6AXH@Z@__crt_state_management@@A 0043bf40     libucrt:signal.obj
 0003:00001f44       ?ctrlbreak_action@@3V?$dual_state_global@P6AXH@Z@__crt_state_management@@A 0043bf44     libucrt:signal.obj
 0003:00001f48       ?abort_action@@3V?$dual_state_global@P6AXH@Z@__crt_state_management@@A 0043bf48     libucrt:signal.obj
 0003:00001f4c       ?term_action@@3V?$dual_state_global@P6AXH@Z@__crt_state_management@@A 0043bf4c     libucrt:signal.obj
 0003:00001f60       ?_tzname@@3V?$dual_state_global@PAPAD@__crt_state_management@@A 0043bf60     libucrt:timeset.obj
 0003:00001f68       ?tz_api_used@@3HA          0043bf68     libucrt:tzset.obj
 0003:00001f70       ?tz_info@@3U_TIME_ZONE_INFORMATION@@A 0043bf70     libucrt:tzset.obj
 0003:00002028       ?fSystemSet@@3HA           0043c028     libucrt:mbctype.obj
 0003:0000202c       ?initialized@?1??__acrt_initialize_multibyte@@9@4_NA 0043c02c     libucrt:mbctype.obj
 0003:00002034       __pmatherr_set             0043c034     libucrt:libm_error.obj
 0004:00000000       __guard_fids_??__Einitlocks@std@@YAXXZ 0043d000     libcpmt:xlock.obj
 0004:00000004       __guard_fids__             0043d004     libcpmt:xlock.obj
 0004:00000008       __guard_fids__             0043d008     libcpmt:xthrow.obj
 0004:00000010       __guard_fids__             0043d010     libcpmt:xthrow.obj
 0004:00000018       __guard_fids__             0043d018     libcpmt:xthrow.obj
 0004:00000020       __guard_fids__             0043d020     libcpmt:xthrow.obj
 0004:00000028       __guard_fids__             0043d028     libcpmt:xthrow.obj
 0004:0000002c       __guard_fids__             0043d02c     libcpmt:xthrow.obj
 0004:00000030       __guard_fids__             0043d030     libcpmt:xthrow.obj
 0004:00000034       __guard_fids__             0043d034     libcpmt:xthrow.obj
 0004:00000038       __guard_fids__             0043d038     libcpmt:xthrow.obj
 0004:0000003c       __guard_fids__             0043d03c     libcpmt:xthrow.obj
 0004:00000040       __guard_fids__             0043d040     libcpmt:xthrow.obj
 0004:00000044       __guard_fids_??__E_Fac_tidy_reg@std@@YAXXZ 0043d044     libcpmt:locale0.obj
 0004:00000048       __guard_fids_?_Setgloballocale@locale@std@@CAXPAX@Z 0043d048     libcpmt:locale0.obj
 0004:0000004c       __guard_fids_??__Eclassic_locale@std@@YAXXZ 0043d04c     libcpmt:locale0.obj
 0004:00000050       __guard_fids__             0043d050     libcpmt:locale0.obj
 0004:0000005c       __guard_fids__             0043d05c     libcpmt:locale0.obj
 0004:00000060       __guard_fids__             0043d060     libcpmt:locale0.obj
 0004:00000064       __guard_fids_??__Einitlocks@@YAXXZ 0043d064     libcpmt:cout.obj
 0004:00000068       __guard_fids_??__Efout@std@@YAXXZ 0043d068     libcpmt:cout.obj
 0004:0000006c       __guard_fids_??__Ecout@std@@YAXXZ 0043d06c     libcpmt:cout.obj
 0004:00000070       __guard_fids__             0043d070     libcpmt:cout.obj
 0004:00000074       __guard_fids__             0043d074     libcpmt:cout.obj
 0004:00000078       __guard_fids__             0043d078     libcpmt:cout.obj
 0004:0000007c       __guard_fids__             0043d07c     libcpmt:cout.obj
 0004:00000080       __guard_fids_??__Einitlocks@@YAXXZ 0043d080     libcpmt:wcout.obj
 0004:00000084       __guard_fids_??__Ewfout@std@@YAXXZ 0043d084     libcpmt:wcout.obj
 0004:00000088       __guard_fids_??__Ewcout@std@@YAXXZ 0043d088     libcpmt:wcout.obj
 0004:0000008c       __guard_fids__             0043d08c     libcpmt:wcout.obj
 0004:000000b4       __guard_fids__             0043d0b4     libcpmt:wcout.obj
 0004:000000f0       __guard_fids__             0043d0f0     libcpmt:wcout.obj
 0004:0000012c       __guard_fids__             0043d12c     libcpmt:wcout.obj
 0004:00000130       __guard_fids__             0043d130     libcpmt:wcout.obj
 0004:00000134       __guard_fids__             0043d134     libcpmt:wcout.obj
 0004:00000138       __guard_fids__             0043d138     libcpmt:wcout.obj
 0004:0000013c       __guard_fids__             0043d13c     libcpmt:wcout.obj
 0004:00000140       __guard_fids__             0043d140     libcpmt:wcout.obj
 0004:00000144       __guard_fids_??__Einitlocks@std@@YAXXZ 0043d144     libcpmt:iosptrs.obj
 0004:00000148       __guard_fids_??__Einit_atexit@@YAXXZ 0043d148     libcpmt:iosptrs.obj
 0004:0000014c       __guard_fids__             0043d14c     libcpmt:iosptrs.obj
 0004:00000150       __guard_fids__             0043d150     libcpmt:iosptrs.obj
 0004:00000154       __guard_fids__             0043d154     libcpmt:winapisupp.obj
 0004:00000158       __guard_fids__             0043d158     LIBCMT:thread_safe_statics.obj
 0004:0000015c       __guard_fids_?__scrt_initialize_thread_safe_statics@@YAHXZ 0043d15c     LIBCMT:thread_safe_statics.obj
 0004:00000160       __guard_fids__             0043d160     LIBCMT:std_type_info_static.obj
 0004:00000164       __guard_fids__             0043d164     LIBCMT:exe_main.obj
 0004:00000168       __guard_fids__             0043d168     LIBCMT:exe_main.obj
 0004:0000016c       __guard_fids__             0043d16c     LIBCMT:exe_main.obj
 0004:00000170       __guard_fids_?pre_c_initialization@@YAHXZ 0043d170     LIBCMT:exe_main.obj
 0004:00000178       __guard_fids__             0043d178     LIBCMT:throw_bad_alloc.obj
 0004:00000180       __guard_fids__             0043d180     LIBCMT:throw_bad_alloc.obj
 0004:00000184       __guard_fids__             0043d184     LIBCMT:throw_bad_alloc.obj
 0004:00000188       __guard_fids____scrt_set_unhandled_exception_filter 0043d188     LIBCMT:utility_desktop.obj
 0004:0000018c       __guard_fids__             0043d18c     LIBCMT:guard_support.obj
 0004:00000190       __guard_fids__             0043d190     libvcruntime:frame.obj
 0004:00000194       __guard_fids__             0043d194     libvcruntime:frame.obj
 0004:0000019c       __guard_fids__             0043d19c     libvcruntime:frame.obj
 0004:000001a0       __guard_fids__             0043d1a0     libvcruntime:frame.obj
 0004:000001a4       __guard_fids____vcrt_initialize_ptd 0043d1a4     libvcruntime:per_thread_data.obj
 0004:000001a8       __guard_fids____dcrt_uninitialize_environments_nolock 0043d1a8     libucrt:environment_initialization.obj
 0004:000001b0       __guard_fids__             0043d1b0     libucrt:initialization.obj
 0004:00000210       __guard_fids__             0043d210     libucrt:wsetlocale.obj
 0004:00000228       __guard_fids____acrt_initialize_ptd 0043d228     libucrt:per_thread_data.obj
 0004:0000022c       __guard_fids__             0043d22c     libucrt:stdio_initializer.obj
 0004:00000230       __guard_fids__             0043d230     libucrt:stdio_initializer.obj
 0004:00000234       __guard_fids_??$?RV<lambda_93797fb4802c957ba6a7f08e1250235b>@@AAV<lambda_1f3ce6bd48e0aa2e72a71c02eee379d3>@@V<lambda_56cae30c9364c9b6c15aeaac05d0418e>@@@?$__crt_seh_guarded_call@H@@QAEH$$QAV<lambda_93797fb4802c957ba6a7f08e1250235b>@@AAV<lambda_1f3ce6bd48e0aa2e72a71c02eee379d3>@@$$QAV<lambda_56cae30c9364c9b6c15aeaac05d0418e>@@@Z 0043d234     libucrt:winapi_thunks.obj
 0004:00000238       __guard_fids__             0043d238     libucrt:clock_initializer.obj
 0004:0000023c       __guard_fids_??$expand_argument_wildcards@D@@YAHQAD0AAV?$argument_list@D@?A0x5f5c8891@@@Z 0043d23c     libucrt:argv_wildcards.obj
 0004:00000240       __guard_fids__             0043d240     libucrt:locale_initializer.obj
 0004:00000244       __guard_fids__GetLocaleNameFromLangCountry 0043d244     libucrt:get_qualified_locale.obj
 0004:00000248       __guard_fids__GetLocaleNameFromLanguage 0043d248     libucrt:get_qualified_locale.obj
 0004:0000024c       __guard_fids__GetLcidFromLangCountry 0043d24c     libucrt:getqloc_downlevel.obj
 0004:00000250       __guard_fids__GetLcidFromLanguage 0043d250     libucrt:getqloc_downlevel.obj
 0004:00000254       __guard_fids__GetLcidFromCountry 0043d254     libucrt:getqloc_downlevel.obj
 0004:00000258       __guard_fids__             0043d258     libucrt:sse2_initializer.obj
 0004:0000025c       __guard_fids____libm_error_support 0043d25c     libucrt:libm_error.obj
 0004:00000260       __guard_fids__             0043d260     libucrt:timeset_initializer.obj
 0004:00000264       __guard_fids__             0043d264     libucrt:multibyte_initializer.obj
 0004:00000268       __guard_fids__             0043d268     libucrt:console_output_initializer.obj
